分类: 📺央视频道, 名称: CCTV1综合, 有效: 7, IPv4: 338, IPv6: 0, 最小延迟: 275 ms, 最高速率: 4.09 M/s, 平均速率: 2.36 M/s, 最高分辨率: 1920x1080, 平均帧率: 38.16, 视频编解码器: h264, 音频编解码器: aac
分类: 📺央视频道, 名称: CCTV2财经, 有效: 4, IPv4: 324, IPv6: 0, 最小延迟: 303 ms, 最高速率: 6.86 M/s, 平均速率: 3.81 M/s, 最高分辨率: 1920x1080, 平均帧率: 32.69, 视频编解码器: h264, 音频编解码器: aac
分类: 📺央视频道, 名称: CCTV3综艺, 有效: 8, IPv4: 319, IPv6: 0, 最小延迟: 298 ms, 最高速率: 6.38 M/s, 平均速率: 2.07 M/s, 最高分辨率: 1920x1080, 平均帧率: 33.33, 视频编解码器: h264, 音频编解码器: aac
分类: 📺央视频道, 名称: CCTV4中文国际, 有效: 8, IPv4: 356, IPv6: 0, 最小延迟: 234 ms, 最高速率: 8.74 M/s, 平均速率: 2.55 M/s, 最高分辨率: 1920x1080, 平均帧率: 32.69, 视频编解码器: h264, 音频编解码器: aac
分类: 📺央视频道, 名称: CCTV5体育, 有效: 12, IPv4: 342, IPv6: 0, 最小延迟: 312 ms, 最高速率: 10.59 M/s, 平均速率: 3.60 M/s, 最高分辨率: 1920x1080, 平均帧率: 28.57, 视频编解码器: h264, 音频编解码器: aac
分类: 📺央视频道, 名称: CCTV5+体育赛事, 有效: 4, IPv4: 186, IPv6: 0, 最小延迟: 320 ms, 最高速率: 10.88 M/s, 平均速率: 4.82 M/s, 最高分辨率: 1920x1080, 平均帧率: 38.89, 视频编解码器: h264, 音频编解码器: aac
分类: 📺央视频道, 名称: CCTV6电影, 有效: 7, IPv4: 314, IPv6: 0, 最小延迟: 361 ms, 最高速率: 11.14 M/s, 平均速率: 4.66 M/s, 最高分辨率: 1920x1080, 平均帧率: 31.82, 视频编解码器: h264, 音频编解码器: aac
分类: 📺央视频道, 名称: CCTV7国防军事, 有效: 7, IPv4: 299, IPv6: 0, 最小延迟: 433 ms, 最高速率: 9.52 M/s, 平均速率: 3.07 M/s, 最高分辨率: 1920x1080, 平均帧率: 40.62, 视频编解码器: h264, 音频编解码器: mp2
分类: 📺央视频道, 名称: CCTV8电视剧, 有效: 8, IPv4: 312, IPv6: 0, 最小延迟: 23 ms, 最高速率: 10.14 M/s, 平均速率: 2.61 M/s, 最高分辨率: 1920x1080, 平均帧率: 33.93, 视频编解码器: h264, 音频编解码器: aac
分类: 📺央视频道, 名称: CCTV9纪录, 有效: 7, IPv4: 313, IPv6: 0, 最小延迟: 346 ms, 最高速率: 10.89 M/s, 平均速率: 4.72 M/s, 最高分辨率: 1920x1080, 平均帧率: 39.06, 视频编解码器: h264, 音频编解码器: mp2
分类: 📺央视频道, 名称: CCTV10科教, 有效: 8, IPv4: 310, IPv6: 0, 最小延迟: 193 ms, 最高速率: 10.93 M/s, 平均速率: 3.23 M/s, 最高分辨率: 1920x1080, 平均帧率: 39.06, 视频编解码器: h264, 音频编解码器: mp2
分类: 📺央视频道, 名称: CCTV11戏曲, 有效: 5, IPv4: 231, IPv6: 0, 最小延迟: 6 ms, 最高速率: 3.59 M/s, 平均速率: 2.41 M/s, 最高分辨率: 1920x1080, 平均帧率: 32.69, 视频编解码器: h264, 音频编解码器: aac
分类: 📺央视频道, 名称: CCTV12社会与法, 有效: 8, IPv4: 267, IPv6: 0, 最小延迟: 259 ms, 最高速率: 9.29 M/s, 平均速率: 3.47 M/s, 最高分辨率: 1920x1080, 平均帧率: 32.50, 视频编解码器: h264, 音频编解码器: aac
分类: 📺央视频道, 名称: CCTV13新闻, 有效: 5, IPv4: 239, IPv6: 0, 最小延迟: 451 ms, 最高速率: 9.77 M/s, 平均速率: 3.01 M/s, 最高分辨率: 1920x1080, 平均帧率: 32.69, 视频编解码器: h264, 音频编解码器: aac
分类: 📺央视频道, 名称: CCTV14少儿, 有效: 8, IPv4: 253, IPv6: 0, 最小延迟: 646 ms, 最高速率: 6.95 M/s, 平均速率: 2.04 M/s, 最高分辨率: 1920x1080, 平均帧率: 33.33, 视频编解码器: h264, 音频编解码器: aac
分类: 📺央视频道, 名称: CCTV15音乐, 有效: 7, IPv4: 235, IPv6: 0, 最小延迟: 10 ms, 最高速率: 4.81 M/s, 平均速率: 2.81 M/s, 最高分辨率: 1920x1080, 平均帧率: 35.42, 视频编解码器: h264, 音频编解码器: aac
分类: 📺央视频道, 名称: CCTV16奥林匹克, 有效: 7, IPv4: 101, IPv6: 0, 最小延迟: 279 ms, 最高速率: 11.46 M/s, 平均速率: 4.71 M/s, 最高分辨率: 1920x1080, 平均帧率: 27.50, 视频编解码器: h264, 音频编解码器: aac
分类: 📺央视频道, 名称: CCTV17农业农村, 有效: 6, IPv4: 159, IPv6: 0, 最小延迟: 224 ms, 最高速率: 7.74 M/s, 平均速率: 3.31 M/s, 最高分辨率: 1920x1080, 平均帧率: 28.12, 视频编解码器: h264, 音频编解码器: aac
分类: 💰央视付费, 名称: CETV2空中课堂, 有效: 0, IPv4: 16, IPv6: 0, 最小延迟: -1 ms, 最高速率: 0.00 M/s, 平均速率: 0.00 M/s, 最高分辨率: None, 平均帧率: 未知, 视频编解码器: 未知, 音频编解码器: 未知
分类: 💰央视付费, 名称: CETV3教育服务, 有效: 1, IPv4: 5, IPv6: 0, 最小延迟: 249 ms, 最高速率: 3.27 M/s, 平均速率: 3.27 M/s, 最高分辨率: 1280x720, 平均帧率: 25.00, 视频编解码器: h264, 音频编解码器: aac
分类: 💰央视付费, 名称: CETV4职业教育, 有效: 0, IPv4: 27, IPv6: 0, 最小延迟: -1 ms, 最高速率: 0.00 M/s, 平均速率: 0.00 M/s, 最高分辨率: None, 平均帧率: 未知, 视频编解码器: 未知, 音频编解码器: 未知
分类: 💰央视付费, 名称: CETV早期教育, 有效: 0, IPv4: 3, IPv6: 0, 最小延迟: 463 ms, 最高速率: 5.67 M/s, 平均速率: 0.00 M/s, 最高分辨率: 720x576, 平均帧率: 25.00, 视频编解码器: h264, 音频编解码器: aac
分类: 💰央视付费, 名称: CCTV4欧洲, 有效: 0, IPv4: 4, IPv6: 0, 最小延迟: -1 ms, 最高速率: 0.00 M/s, 平均速率: 0.00 M/s, 最高分辨率: None, 平均帧率: 未知, 视频编解码器: 未知, 音频编解码器: 未知
分类: 💰央视付费, 名称: CCTV4美洲, 有效: 0, IPv4: 4, IPv6: 0, 最小延迟: -1 ms, 最高速率: 0.00 M/s, 平均速率: 0.00 M/s, 最高分辨率: None, 平均帧率: 未知, 视频编解码器: 未知, 音频编解码器: 未知
分类: 💰央视付费, 名称: CCTV4K, 有效: 4, IPv4: 11, IPv6: 0, 最小延迟: 550 ms, 最高速率: 7.40 M/s, 平均速率: 4.11 M/s, 最高分辨率: 1920x1080, 平均帧率: 25.00, 视频编解码器: h264, 音频编解码器: aac
分类: 💰央视付费, 名称: CCTV8K, 有效: 1, IPv4: 2, IPv6: 0, 最小延迟: 1687 ms, 最高速率: 0.71 M/s, 平均速率: 0.71 M/s, 最高分辨率: 1920x1080, 平均帧率: 25.00, 视频编解码器: h264, 音频编解码器: aac
分类: 💰央视付费, 名称: 新科动漫, 有效: 0, IPv4: 1, IPv6: 0, 最小延迟: -1 ms, 最高速率: 0.00 M/s, 平均速率: 0.00 M/s, 最高分辨率: None, 平均帧率: 未知, 视频编解码器: 未知, 音频编解码器: 未知
分类: 💰央视付费, 名称: CETV1综合教育, 有效: 1, IPv4: 35, IPv6: 0, 最小延迟: 1144 ms, 最高速率: 2.02 M/s, 平均速率: 2.02 M/s, 最高分辨率: 1920x1080, 平均帧率: 25.00, 视频编解码器: h264, 音频编解码器: aac
分类: 💰央视付费, 名称: 中学生, 有效: 0, IPv4: 9, IPv6: 0, 最小延迟: 4014 ms, 最高速率: 0.16 M/s, 平均速率: 0.00 M/s, 最高分辨率: 1280x720, 平均帧率: 24.00, 视频编解码器: h264, 音频编解码器: aac
分类: 💰央视付费, 名称: CCTV文化精品, 有效: 2, IPv4: 11, IPv6: 0, 最小延迟: 246 ms, 最高速率: 3.24 M/s, 平均速率: 3.16 M/s, 最高分辨率: 1920x1080, 平均帧率: 25.00, 视频编解码器: h264, 音频编解码器: aac
分类: 💰央视付费, 名称: CCTV高尔夫网球, 有效: 1, IPv4: 4, IPv6: 0, 最小延迟: 606 ms, 最高速率: 7.33 M/s, 平均速率: 7.33 M/s, 最高分辨率: 1920x1080, 平均帧率: 25.00, 视频编解码器: h264, 音频编解码器: aac
分类: 💰央视付费, 名称: CCTV央视台球, 有效: 2, IPv4: 6, IPv6: 0, 最小延迟: 1067 ms, 最高速率: 7.03 M/s, 平均速率: 1.92 M/s, 最高分辨率: 1920x1080, 平均帧率: 25.00, 视频编解码器: h264, 音频编解码器: aac
分类: 💰央视付费, 名称: 老故事, 有效: 1, IPv4: 11, IPv6: 0, 最小延迟: 235 ms, 最高速率: 3.45 M/s, 平均速率: 3.45 M/s, 最高分辨率: 1280x720, 平均帧率: 25.00, 视频编解码器: h264, 音频编解码器: aac
分类: 💰央视付费, 名称: 发现之旅, 有效: 0, IPv4: 12, IPv6: 0, 最小延迟: 1309 ms, 最高速率: 0.44 M/s, 平均速率: 0.00 M/s, 最高分辨率: 1920x1080, 平均帧率: 24.67, 视频编解码器: h264, 音频编解码器: aac
分类: 💰央视付费, 名称: CCTV风云音乐, 有效: 2, IPv4: 13, IPv6: 0, 最小延迟: 651 ms, 最高速率: 8.11 M/s, 平均速率: 4.56 M/s, 最高分辨率: 1920x1080, 平均帧率: 33.33, 视频编解码器: h264, 音频编解码器: mp2
分类: 💰央视付费, 名称: CCTV风云足球, 有效: 4, IPv4: 13, IPv6: 0, 最小延迟: 433 ms, 最高速率: 9.33 M/s, 平均速率: 8.46 M/s, 最高分辨率: 1920x1080, 平均帧率: 25.00, 视频编解码器: h264, 音频编解码器: aac
分类: 💰央视付费, 名称: CCTV风云剧场, 有效: 1, IPv4: 10, IPv6: 0, 最小延迟: 374 ms, 最高速率: 11.50 M/s, 平均速率: 11.50 M/s, 最高分辨率: 1920x1080, 平均帧率: 25.00, 视频编解码器: h264, 音频编解码器: aac
分类: 💰央视付费, 名称: CCTV第一剧场, 有效: 2, IPv4: 24, IPv6: 0, 最小延迟: 7 ms, 最高速率: 12.25 M/s, 平均速率: 9.33 M/s, 最高分辨率: 1920x1080, 平均帧率: 25.00, 视频编解码器: h264, 音频编解码器: aac
分类: 💰央视付费, 名称: CCTV兵器科技, 有效: 1, IPv4: 10, IPv6: 0, 最小延迟: 520 ms, 最高速率: 10.76 M/s, 平均速率: 10.76 M/s, 最高分辨率: 1920x1080, 平均帧率: 25.00, 视频编解码器: h264, 音频编解码器: aac
分类: 💰央视付费, 名称: CCTV卫生健康, 有效: 1, IPv4: 5, IPv6: 0, 最小延迟: 1185 ms, 最高速率: 0.64 M/s, 平均速率: 0.64 M/s, 最高分辨率: 1920x1080, 平均帧率: 25.00, 视频编解码器: h264, 音频编解码器: aac
分类: 💰央视付费, 名称: CCTV怀旧剧场, 有效: 3, IPv4: 14, IPv6: 0, 最小延迟: 949 ms, 最高速率: 4.82 M/s, 平均速率: 3.12 M/s, 最高分辨率: 1920x1080, 平均帧率: 25.00, 视频编解码器: h264, 音频编解码器: aac
分类: 💰央视付费, 名称: 中国天气, 有效: 0, IPv4: 8, IPv6: 0, 最小延迟: -1 ms, 最高速率: 0.00 M/s, 平均速率: 0.00 M/s, 最高分辨率: None, 平均帧率: 未知, 视频编解码器: 未知, 音频编解码器: 未知
分类: 💰央视付费, 名称: 中国交通, 有效: 0, IPv4: 10, IPv6: 0, 最小延迟: -1 ms, 最高速率: 0.00 M/s, 平均速率: 0.00 M/s, 最高分辨率: None, 平均帧率: 未知, 视频编解码器: 未知, 音频编解码器: 未知
分类: 💰央视付费, 名称: CCTV电视指南, 有效: 1, IPv4: 8, IPv6: 0, 最小延迟: 562 ms, 最高速率: 6.66 M/s, 平均速率: 6.66 M/s, 最高分辨率: 1920x1080, 平均帧率: 25.00, 视频编解码器: h264, 音频编解码器: aac
分类: 💰央视付费, 名称: CGTN新闻, 有效: 0, IPv4: 1, IPv6: 0, 最小延迟: -1 ms, 最高速率: 0.00 M/s, 平均速率: 0.00 M/s, 最高分辨率: None, 平均帧率: 未知, 视频编解码器: 未知, 音频编解码器: 未知
分类: 💰央视付费, 名称: CCTV世界地理, 有效: 3, IPv4: 12, IPv6: 0, 最小延迟: 331 ms, 最高速率: 8.70 M/s, 平均速率: 6.95 M/s, 最高分辨率: 1920x1080, 平均帧率: 30.00, 视频编解码器: h264, 音频编解码器: aac
分类: 💰央视付费, 名称: CGTN纪录, 有效: 2, IPv4: 13, IPv6: 0, 最小延迟: 241 ms, 最高速率: 9.05 M/s, 平均速率: 7.40 M/s, 最高分辨率: 1920x1080, 平均帧率: 25.00, 视频编解码器: h264, 音频编解码器: aac
分类: 💰央视付费, 名称: CCTV女性时尚, 有效: 3, IPv4: 11, IPv6: 0, 最小延迟: 1106 ms, 最高速率: 5.84 M/s, 平均速率: 2.46 M/s, 最高分辨率: 1920x1080, 平均帧率: 31.25, 视频编解码器: h264, 音频编解码器: aac
分类: 💰央视付费, 名称: CGTN西语, 有效: 1, IPv4: 10, IPv6: 0, 最小延迟: 318 ms, 最高速率: 10.42 M/s, 平均速率: 10.42 M/s, 最高分辨率: 1920x1080, 平均帧率: 25.00, 视频编解码器: h264, 音频编解码器: aac
分类: 💰央视付费, 名称: CGTN阿语, 有效: 1, IPv4: 9, IPv6: 0, 最小延迟: 2719 ms, 最高速率: 2.75 M/s, 平均速率: 2.75 M/s, 最高分辨率: 1920x1080, 平均帧率: 25.00, 视频编解码器: h264, 音频编解码器: aac
分类: 💰央视付费, 名称: CGTN英语, 有效: 1, IPv4: 30, IPv6: 0, 最小延迟: 1511 ms, 最高速率: 3.35 M/s, 平均速率: 3.35 M/s, 最高分辨率: 1920x1080, 平均帧率: 25.00, 视频编解码器: h264, 音频编解码器: aac
分类: 💰央视付费, 名称: CGTN俄语, 有效: 3, IPv4: 13, IPv6: 0, 最小延迟: 2673 ms, 最高速率: 2.42 M/s, 平均速率: 2.40 M/s, 最高分辨率: 1920x1080, 平均帧率: 25.00, 视频编解码器: h264, 音频编解码器: aac
分类: 📡卫视频道, 名称: 香港卫视, 有效: 0, IPv4: 9, IPv6: 0, 最小延迟: 10991 ms, 最高速率: 0.06 M/s, 平均速率: 0.00 M/s, 最高分辨率: 1280x720, 平均帧率: 25.00, 视频编解码器: h264, 音频编解码器: aac
分类: 💰央视付费, 名称: CGTN法语, 有效: 3, IPv4: 15, IPv6: 0, 最小延迟: 2037 ms, 最高速率: 3.57 M/s, 平均速率: 2.95 M/s, 最高分辨率: 1920x1080, 平均帧率: 25.00, 视频编解码器: h264, 音频编解码器: aac
分类: 📡卫视频道, 名称: 广东卫视, 有效: 7, IPv4: 257, IPv6: 0, 最小延迟: 9 ms, 最高速率: 43.14 M/s, 平均速率: 9.02 M/s, 最高分辨率: 1920x1080, 平均帧率: 33.33, 视频编解码器: h264, 音频编解码器: aac
分类: 📡卫视频道, 名称: 深圳卫视, 有效: 6, IPv4: 231, IPv6: 0, 最小延迟: 9 ms, 最高速率: 10.42 M/s, 平均速率: 3.47 M/s, 最高分辨率: 1920x1080, 平均帧率: 37.81, 视频编解码器: h264, 音频编解码器: mp2
分类: 📡卫视频道, 名称: 大湾区卫视, 有效: 3, IPv4: 41, IPv6: 0, 最小延迟: 340 ms, 最高速率: 5.15 M/s, 平均速率: 2.04 M/s, 最高分辨率: 1920x1080, 平均帧率: 25.00, 视频编解码器: h264, 音频编解码器: aac
分类: 📡卫视频道, 名称: 湖南卫视, 有效: 11, IPv4: 272, IPv6: 0, 最小延迟: 212 ms, 最高速率: 6.91 M/s, 平均速率: 3.08 M/s, 最高分辨率: 3840x2160, 平均帧率: 35.15, 视频编解码器: h264, 音频编解码器: aac
分类: 📡卫视频道, 名称: 浙江卫视, 有效: 12, IPv4: 262, IPv6: 0, 最小延迟: 10 ms, 最高速率: 14.84 M/s, 平均速率: 2.69 M/s, 最高分辨率: 3840x2160, 平均帧率: 32.25, 视频编解码器: h264, 音频编解码器: aac
分类: 📡卫视频道, 名称: 江苏卫视, 有效: 8, IPv4: 265, IPv6: 0, 最小延迟: 10 ms, 最高速率: 204.18 M/s, 平均速率: 35.17 M/s, 最高分辨率: 1920x1080, 平均帧率: 36.39, 视频编解码器: h264, 音频编解码器: aac
分类: 📡卫视频道, 名称: 广西卫视, 有效: 3, IPv4: 183, IPv6: 0, 最小延迟: 50 ms, 最高速率: 11.63 M/s, 平均速率: 7.94 M/s, 最高分辨率: 1920x1080, 平均帧率: 34.38, 视频编解码器: h264, 音频编解码器: aac
分类: 📡卫视频道, 名称: 东南卫视, 有效: 2, IPv4: 202, IPv6: 0, 最小延迟: 9 ms, 最高速率: 10.48 M/s, 平均速率: 9.26 M/s, 最高分辨率: 1920x1080, 平均帧率: 42.86, 视频编解码器: h264, 音频编解码器: mp2
分类: 📡卫视频道, 名称: 海峡卫视, 有效: 3, IPv4: 18, IPv6: 0, 最小延迟: 3220 ms, 最高速率: 0.95 M/s, 平均速率: 0.77 M/s, 最高分辨率: 1920x1080, 平均帧率: 36.65, 视频编解码器: h264, 音频编解码器: aac
分类: 📡卫视频道, 名称: 厦门卫视, 有效: 0, IPv4: 35, IPv6: 0, 最小延迟: 325 ms, 最高速率: 8.37 M/s, 平均速率: 0.00 M/s, 最高分辨率: 720x576, 平均帧率: 25.00, 视频编解码器: h264, 音频编解码器: aac
分类: 📡卫视频道, 名称: 北京卫视, 有效: 5, IPv4: 263, IPv6: 0, 最小延迟: 9 ms, 最高速率: 9.79 M/s, 平均速率: 1.80 M/s, 最高分辨率: 1920x1080, 平均帧率: 33.75, 视频编解码器: h264, 音频编解码器: mp2
分类: 📡卫视频道, 名称: 天津卫视, 有效: 5, IPv4: 241, IPv6: 0, 最小延迟: 9 ms, 最高速率: 10.34 M/s, 平均速率: 4.38 M/s, 最高分辨率: 1920x1080, 平均帧率: 38.64, 视频编解码器: h264, 音频编解码器: aac
分类: 📡卫视频道, 名称: 东方卫视, 有效: 9, IPv4: 244, IPv6: 0, 最小延迟: 9 ms, 最高速率: 13.07 M/s, 平均速率: 3.47 M/s, 最高分辨率: 1920x1080, 平均帧率: 36.59, 视频编解码器: h264, 音频编解码器: aac
分类: 📡卫视频道, 名称: 黑龙江卫视, 有效: 1, IPv4: 202, IPv6: 0, 最小延迟: 10 ms, 最高速率: 10.87 M/s, 平均速率: 10.87 M/s, 最高分辨率: 1920x1080, 平均帧率: 44.44, 视频编解码器: h264, 音频编解码器: mp2
分类: 📡卫视频道, 名称: 辽宁卫视, 有效: 3, IPv4: 227, IPv6: 0, 最小延迟: 9 ms, 最高速率: 10.38 M/s, 平均速率: 4.85 M/s, 最高分辨率: 1920x1080, 平均帧率: 42.86, 视频编解码器: h264, 音频编解码器: mp2
分类: 📡卫视频道, 名称: 吉林卫视, 有效: 3, IPv4: 173, IPv6: 0, 最小延迟: 9 ms, 最高速率: 10.42 M/s, 平均速率: 4.00 M/s, 最高分辨率: 1920x1080, 平均帧率: 39.29, 视频编解码器: h264, 音频编解码器: mp2
分类: 📡卫视频道, 名称: 湖北卫视, 有效: 4, IPv4: 239, IPv6: 0, 最小延迟: 9 ms, 最高速率: 11.03 M/s, 平均速率: 3.55 M/s, 最高分辨率: 1920x1080, 平均帧率: 35.42, 视频编解码器: h264, 音频编解码器: aac
分类: 📡卫视频道, 名称: 山东卫视, 有效: 4, IPv4: 219, IPv6: 0, 最小延迟: 10 ms, 最高速率: 10.02 M/s, 平均速率: 1.96 M/s, 最高分辨率: 1920x1080, 平均帧率: 40.38, 视频编解码器: h264, 音频编解码器: mp2
分类: 📡卫视频道, 名称: 安徽卫视, 有效: 4, IPv4: 222, IPv6: 0, 最小延迟: 9 ms, 最高速率: 9.71 M/s, 平均速率: 1.14 M/s, 最高分辨率: 1920x1080, 平均帧率: 42.55, 视频编解码器: h264, 音频编解码器: mp2
分类: 📡卫视频道, 名称: 河北卫视, 有效: 2, IPv4: 177, IPv6: 0, 最小延迟: 9 ms, 最高速率: 10.55 M/s, 平均速率: 5.84 M/s, 最高分辨率: 1920x1080, 平均帧率: 46.88, 视频编解码器: h264, 音频编解码器: aac
分类: 📡卫视频道, 名称: 河南卫视, 有效: 4, IPv4: 221, IPv6: 0, 最小延迟: 12 ms, 最高速率: 40.79 M/s, 平均速率: 17.90 M/s, 最高分辨率: 1920x1080, 平均帧率: 42.31, 视频编解码器: h264, 音频编解码器: mp2
分类: 📡卫视频道, 名称: 贵州卫视, 有效: 2, IPv4: 212, IPv6: 0, 最小延迟: 380 ms, 最高速率: 8.31 M/s, 平均速率: 4.68 M/s, 最高分辨率: 1920x1080, 平均帧率: 31.25, 视频编解码器: h264, 音频编解码器: mp2
分类: 📡卫视频道, 名称: 重庆卫视, 有效: 4, IPv4: 211, IPv6: 0, 最小延迟: 10 ms, 最高速率: 9.92 M/s, 平均速率: 1.20 M/s, 最高分辨率: 1920x1080, 平均帧率: 35.71, 视频编解码器: h264, 音频编解码器: aac
分类: 📡卫视频道, 名称: 四川卫视, 有效: 2, IPv4: 215, IPv6: 0, 最小延迟: 9 ms, 最高速率: 10.23 M/s, 平均速率: 1.99 M/s, 最高分辨率: 1920x1080, 平均帧率: 34.09, 视频编解码器: h264, 音频编解码器: aac
分类: 📡卫视频道, 名称: 江西卫视, 有效: 3, IPv4: 221, IPv6: 0, 最小延迟: 9 ms, 最高速率: 10.43 M/s, 平均速率: 6.44 M/s, 最高分辨率: 1920x1080, 平均帧率: 34.38, 视频编解码器: h264, 音频编解码器: aac
分类: 📡卫视频道, 名称: 云南卫视, 有效: 2, IPv4: 159, IPv6: 0, 最小延迟: 200 ms, 最高速率: 9.98 M/s, 平均速率: 6.33 M/s, 最高分辨率: 1920x1080, 平均帧率: 37.50, 视频编解码器: h264, 音频编解码器: mp2
分类: 📡卫视频道, 名称: 延边卫视, 有效: 1, IPv4: 30, IPv6: 0, 最小延迟: 9 ms, 最高速率: 10.26 M/s, 平均速率: 3.77 M/s, 最高分辨率: 1920x1080, 平均帧率: 33.33, 视频编解码器: h264, 音频编解码器: aac
分类: 📡卫视频道, 名称: 新疆卫视, 有效: 1, IPv4: 104, IPv6: 0, 最小延迟: 9 ms, 最高速率: 10.27 M/s, 平均速率: 1.50 M/s, 最高分辨率: 1920x1080, 平均帧率: 33.33, 视频编解码器: h264, 音频编解码器: aac
分类: 📡卫视频道, 名称: 青海卫视, 有效: 2, IPv4: 134, IPv6: 0, 最小延迟: 1067 ms, 最高速率: 1.10 M/s, 平均速率: 1.09 M/s, 最高分辨率: 1920x1080, 平均帧率: 33.33, 视频编解码器: h264, 音频编解码器: aac
分类: 📡卫视频道, 名称: 内蒙古卫视, 有效: 1, IPv4: 91, IPv6: 0, 最小延迟: 13 ms, 最高速率: 8.48 M/s, 平均速率: 8.48 M/s, 最高分辨率: 1920x1080, 平均帧率: 25.00, 视频编解码器: h264, 音频编解码器: aac
分类: 📡卫视频道, 名称: 宁夏卫视, 有效: 1, IPv4: 118, IPv6: 0, 最小延迟: 7 ms, 最高速率: 9.23 M/s, 平均速率: 5.05 M/s, 最高分辨率: 1920x1080, 平均帧率: 35.71, 视频编解码器: h264, 音频编解码器: aac
分类: 📡卫视频道, 名称: 甘肃卫视, 有效: 2, IPv4: 105, IPv6: 0, 最小延迟: 10 ms, 最高速率: 9.62 M/s, 平均速率: 9.37 M/s, 最高分辨率: 1920x1080, 平均帧率: 37.50, 视频编解码器: h264, 音频编解码器: aac
分类: 📡卫视频道, 名称: 陕西卫视, 有效: 2, IPv4: 41, IPv6: 0, 最小延迟: 9 ms, 最高速率: 10.70 M/s, 平均速率: 0.78 M/s, 最高分辨率: 1920x1080, 平均帧率: 35.00, 视频编解码器: h264, 音频编解码器: aac
分类: 📡卫视频道, 名称: 山西卫视, 有效: 2, IPv4: 41, IPv6: 0, 最小延迟: 10 ms, 最高速率: 10.57 M/s, 平均速率: 5.74 M/s, 最高分辨率: 1920x1080, 平均帧率: 25.00, 视频编解码器: h264, 音频编解码器: aac
分类: 📡卫视频道, 名称: 农林卫视, 有效: 0, IPv4: 20, IPv6: 0, 最小延迟: 1435 ms, 最高速率: 0.10 M/s, 平均速率: 0.00 M/s, 最高分辨率: 720x576, 平均帧率: 50.00, 视频编解码器: h264, 音频编解码器: mp2
分类: 📡卫视频道, 名称: 兵团卫视, 有效: 0, IPv4: 68, IPv6: 0, 最小延迟: 1024 ms, 最高速率: 1.72 M/s, 平均速率: 0.00 M/s, 最高分辨率: 720x576, 平均帧率: 41.67, 视频编解码器: h264, 音频编解码器: mp2
分类: 📡卫视频道, 名称: 西藏卫视, 有效: 2, IPv4: 84, IPv6: 0, 最小延迟: 10 ms, 最高速率: 9.90 M/s, 平均速率: 3.96 M/s, 最高分辨率: 1920x1080, 平均帧率: 37.13, 视频编解码器: h264, 音频编解码器: aac
分类: 📡卫视频道, 名称: 海南卫视, 有效: 0, IPv4: 123, IPv6: 0, 最小延迟: 10 ms, 最高速率: 9.30 M/s, 平均速率: 0.00 M/s, 最高分辨率: 1920x1080, 平均帧率: 33.33, 视频编解码器: h264, 音频编解码器: aac
分类: 📡卫视频道, 名称: 三沙卫视, 有效: 2, IPv4: 44, IPv6: 0, 最小延迟: 428 ms, 最高速率: 9.78 M/s, 平均速率: 5.03 M/s, 最高分辨率: 1920x1080, 平均帧率: 25.00, 视频编解码器: h264, 音频编解码器: aac
分类: 📡卫视频道, 名称: 康巴卫视, 有效: 0, IPv4: 23, IPv6: 0, 最小延迟: -1 ms, 最高速率: 0.00 M/s, 平均速率: 0.00 M/s, 最高分辨率: None, 平均帧率: 未知, 视频编解码器: 未知, 音频编解码器: 未知
分类: 📡卫视频道, 名称: 安多卫视, 有效: 0, IPv4: 20, IPv6: 0, 最小延迟: -1 ms, 最高速率: 0.00 M/s, 平均速率: 0.00 M/s, 最高分辨率: None, 平均帧率: 未知, 视频编解码器: 未知, 音频编解码器: 未知
分类: 🐤广东频道, 名称: 广东公共, 有效: 0, IPv4: 15, IPv6: 0, 最小延迟: 4129 ms, 最高速率: 0.19 M/s, 平均速率: 0.00 M/s, 最高分辨率: 1280x720, 平均帧率: 30.00, 视频编解码器: h264, 音频编解码器: aac
分类: 🐤广东频道, 名称: 广东珠江, 有效: 2, IPv4: 40, IPv6: 0, 最小延迟: 578 ms, 最高速率: 5.70 M/s, 平均速率: 4.76 M/s, 最高分辨率: 1280x720, 平均帧率: 25.00, 视频编解码器: h264, 音频编解码器: aac
分类: 🐤广东频道, 名称: 广东体育, 有效: 2, IPv4: 51, IPv6: 0, 最小延迟: 74 ms, 最高速率: 0.27 M/s, 平均速率: 0.21 M/s, 最高分辨率: 1920x1080, 平均帧率: 33.33, 视频编解码器: h264, 音频编解码器: aac
分类: 🐤广东频道, 名称: 广东新闻, 有效: 3, IPv4: 17, IPv6: 0, 最小延迟: 9 ms, 最高速率: 10.28 M/s, 平均速率: 2.81 M/s, 最高分辨率: 1280x720, 平均帧率: 30.00, 视频编解码器: h264, 音频编解码器: aac
分类: 🐤广东频道, 名称: 广东综艺, 有效: 0, IPv4: 5, IPv6: 0, 最小延迟: -1 ms, 最高速率: 0.00 M/s, 平均速率: 0.00 M/s, 最高分辨率: None, 平均帧率: 未知, 视频编解码器: 未知, 音频编解码器: 未知
分类: 🐤广东频道, 名称: 广东少儿, 有效: 1, IPv4: 31, IPv6: 0, 最小延迟: 333 ms, 最高速率: 7.84 M/s, 平均速率: 4.42 M/s, 最高分辨率: 1280x720, 平均帧率: 25.00, 视频编解码器: h264, 音频编解码器: aac
分类: 🐤广东频道, 名称: 广东科教, 有效: 0, IPv4: 12, IPv6: 0, 最小延迟: 1461 ms, 最高速率: 0.07 M/s, 平均速率: 0.00 M/s, 最高分辨率: 720x576, 平均帧率: 25.00, 视频编解码器: h264, 音频编解码器: aac
分类: 🐤广东频道, 名称: 广东民生, 有效: 0, IPv4: 22, IPv6: 0, 最小延迟: 10763 ms, 最高速率: 0.06 M/s, 平均速率: 0.00 M/s, 最高分辨率: None, 平均帧率: 未知, 视频编解码器: 未知, 音频编解码器: 未知
分类: 🐤广东频道, 名称: 广东岭南戏曲, 有效: 0, IPv4: 14, IPv6: 0, 最小延迟: -1 ms, 最高速率: 0.00 M/s, 平均速率: 0.00 M/s, 最高分辨率: None, 平均帧率: 未知, 视频编解码器: 未知, 音频编解码器: 未知
分类: 🐤广东频道, 名称: 广东移动, 有效: 1, IPv4: 4, IPv6: 0, 最小延迟: 556 ms, 最高速率: 4.92 M/s, 平均速率: 4.92 M/s, 最高分辨率: 1280x720, 平均帧率: 25.00, 视频编解码器: h264, 音频编解码器: aac
分类: 🐤广东频道, 名称: 广东4K, 有效: 0, IPv4: 3, IPv6: 0, 最小延迟: -1 ms, 最高速率: 0.00 M/s, 平均速率: 0.00 M/s, 最高分辨率: None, 平均帧率: 未知, 视频编解码器: 未知, 音频编解码器: 未知
分类: 🐤广东频道, 名称: 广东南方购物, 有效: 0, IPv4: 1, IPv6: 0, 最小延迟: -1 ms, 最高速率: 0.00 M/s, 平均速率: 0.00 M/s, 最高分辨率: None, 平均帧率: 未知, 视频编解码器: 未知, 音频编解码器: 未知
分类: 🐤广东频道, 名称: 广东影视, 有效: 0, IPv4: 31, IPv6: 0, 最小延迟: 10775 ms, 最高速率: 0.03 M/s, 平均速率: 0.00 M/s, 最高分辨率: None, 平均帧率: 未知, 视频编解码器: 未知, 音频编解码器: 未知
分类: 🐤广东频道, 名称: 广东嘉佳卡通, 有效: 0, IPv4: 17, IPv6: 0, 最小延迟: 7877 ms, 最高速率: 0.12 M/s, 平均速率: 0.00 M/s, 最高分辨率: 720x576, 平均帧率: 50.00, 视频编解码器: h264, 音频编解码器: mp2
分类: 🐤广东频道, 名称: 广州竞赛, 有效: 0, IPv4: 1, IPv6: 0, 最小延迟: -1 ms, 最高速率: 0.00 M/s, 平均速率: 0.00 M/s, 最高分辨率: None, 平均帧率: 未知, 视频编解码器: 未知, 音频编解码器: 未知
分类: 🐤广东频道, 名称: 广州影视, 有效: 0, IPv4: 2, IPv6: 0, 最小延迟: -1 ms, 最高速率: 0.00 M/s, 平均速率: 0.00 M/s, 最高分辨率: None, 平均帧率: 未知, 视频编解码器: 未知, 音频编解码器: 未知
分类: 🐤广东频道, 名称: 广州法治, 有效: 0, IPv4: 2, IPv6: 0, 最小延迟: -1 ms, 最高速率: 0.00 M/s, 平均速率: 0.00 M/s, 最高分辨率: None, 平均帧率: 未知, 视频编解码器: 未知, 音频编解码器: 未知
分类: 🐤广东频道, 名称: 广州综合, 有效: 5, IPv4: 15, IPv6: 0, 最小延迟: 1611 ms, 最高速率: 0.49 M/s, 平均速率: 0.43 M/s, 最高分辨率: 1280x720, 平均帧率: 25.00, 视频编解码器: h264, 音频编解码器: aac
分类: 🐤广东频道, 名称: 广州新闻, 有效: 4, IPv4: 8, IPv6: 0, 最小延迟: 1795 ms, 最高速率: 0.45 M/s, 平均速率: 0.42 M/s, 最高分辨率: 1280x720, 平均帧率: 25.00, 视频编解码器: h264, 音频编解码器: aac
分类: 🐤广东频道, 名称: 深圳都市, 有效: 0, IPv4: 5, IPv6: 0, 最小延迟: -1 ms, 最高速率: 0.00 M/s, 平均速率: 0.00 M/s, 最高分辨率: None, 平均帧率: 未知, 视频编解码器: 未知, 音频编解码器: 未知
分类: 🐤广东频道, 名称: 深圳电视剧, 有效: 0, IPv4: 4, IPv6: 0, 最小延迟: -1 ms, 最高速率: 0.00 M/s, 平均速率: 0.00 M/s, 最高分辨率: None, 平均帧率: 未知, 视频编解码器: 未知, 音频编解码器: 未知
分类: 🐤广东频道, 名称: 深圳国际, 有效: 0, IPv4: 1, IPv6: 0, 最小延迟: -1 ms, 最高速率: 0.00 M/s, 平均速率: 0.00 M/s, 最高分辨率: None, 平均帧率: 未知, 视频编解码器: 未知, 音频编解码器: 未知
分类: 🐤广东频道, 名称: 深圳宝安, 有效: 0, IPv4: 2, IPv6: 0, 最小延迟: -1 ms, 最高速率: 0.00 M/s, 平均速率: 0.00 M/s, 最高分辨率: None, 平均帧率: 未知, 视频编解码器: 未知, 音频编解码器: 未知
分类: 🐤广东频道, 名称: 深圳龙岗, 有效: 0, IPv4: 2, IPv6: 0, 最小延迟: -1 ms, 最高速率: 0.00 M/s, 平均速率: 0.00 M/s, 最高分辨率: None, 平均帧率: 未知, 视频编解码器: 未知, 音频编解码器: 未知
分类: 🐤广东频道, 名称: 潮州综合, 有效: 0, IPv4: 1, IPv6: 0, 最小延迟: -1 ms, 最高速率: 0.00 M/s, 平均速率: 0.00 M/s, 最高分辨率: None, 平均帧率: 未知, 视频编解码器: 未知, 音频编解码器: 未知
分类: 🐤广东频道, 名称: 潮州公共, 有效: 0, IPv4: 2, IPv6: 0, 最小延迟: -1 ms, 最高速率: 0.00 M/s, 平均速率: 0.00 M/s, 最高分辨率: None, 平均帧率: 未知, 视频编解码器: 未知, 音频编解码器: 未知
分类: 🐤广东频道, 名称: 佛山南海, 有效: 0, IPv4: 1, IPv6: 0, 最小延迟: -1 ms, 最高速率: 0.00 M/s, 平均速率: 0.00 M/s, 最高分辨率: None, 平均帧率: 未知, 视频编解码器: 未知, 音频编解码器: 未知
分类: 🐤广东频道, 名称: 佛山顺德, 有效: 0, IPv4: 1, IPv6: 0, 最小延迟: -1 ms, 最高速率: 0.00 M/s, 平均速率: 0.00 M/s, 最高分辨率: None, 平均帧率: 未知, 视频编解码器: 未知, 音频编解码器: 未知
分类: 🐤广东频道, 名称: 佛山公共, 有效: 0, IPv4: 1, IPv6: 0, 最小延迟: -1 ms, 最高速率: 0.00 M/s, 平均速率: 0.00 M/s, 最高分辨率: None, 平均帧率: 未知, 视频编解码器: 未知, 音频编解码器: 未知
分类: 🐤广东频道, 名称: 揭阳综合, 有效: 0, IPv4: 3, IPv6: 0, 最小延迟: -1 ms, 最高速率: 0.00 M/s, 平均速率: 0.00 M/s, 最高分辨率: None, 平均帧率: 未知, 视频编解码器: 未知, 音频编解码器: 未知
分类: 🐤广东频道, 名称: 佛山综合, 有效: 0, IPv4: 2, IPv6: 0, 最小延迟: -1 ms, 最高速率: 0.00 M/s, 平均速率: 0.00 M/s, 最高分辨率: None, 平均帧率: 未知, 视频编解码器: 未知, 音频编解码器: 未知
分类: 🐤广东频道, 名称: 揭阳公共, 有效: 0, IPv4: 2, IPv6: 0, 最小延迟: -1 ms, 最高速率: 0.00 M/s, 平均速率: 0.00 M/s, 最高分辨率: None, 平均帧率: 未知, 视频编解码器: 未知, 音频编解码器: 未知
分类: 🐤广东频道, 名称: 江门综合, 有效: 0, IPv4: 2, IPv6: 0, 最小延迟: -1 ms, 最高速率: 0.00 M/s, 平均速率: 0.00 M/s, 最高分辨率: None, 平均帧率: 未知, 视频编解码器: 未知, 音频编解码器: 未知
分类: 🐤广东频道, 名称: 江门侨乡生活, 有效: 0, IPv4: 1, IPv6: 0, 最小延迟: -1 ms, 最高速率: 0.00 M/s, 平均速率: 0.00 M/s, 最高分辨率: None, 平均帧率: 未知, 视频编解码器: 未知, 音频编解码器: 未知
分类: 🐤广东频道, 名称: 广州南国都市, 有效: 6, IPv4: 7, IPv6: 0, 最小延迟: 2206 ms, 最高速率: 0.71 M/s, 平均速率: 0.65 M/s, 最高分辨率: 1920x1080, 平均帧率: 50.00, 视频编解码器: h264, 音频编解码器: aac
分类: 🐤广东频道, 名称: 茂名综合, 有效: 0, IPv4: 1, IPv6: 0, 最小延迟: -1 ms, 最高速率: 0.00 M/s, 平均速率: 0.00 M/s, 最高分辨率: None, 平均帧率: 未知, 视频编解码器: 未知, 音频编解码器: 未知
分类: 🐤广东频道, 名称: 云浮文旅, 有效: 0, IPv4: 2, IPv6: 0, 最小延迟: 3139 ms, 最高速率: 0.32 M/s, 平均速率: 0.00 M/s, 最高分辨率: 720x404, 平均帧率: 25.00, 视频编解码器: h264, 音频编解码器: aac
分类: 🐤广东频道, 名称: 东莞综合, 有效: 2, IPv4: 2, IPv6: 0, 最小延迟: 2103 ms, 最高速率: 0.50 M/s, 平均速率: 0.40 M/s, 最高分辨率: 1280x720, 平均帧率: 25.00, 视频编解码器: h264, 音频编解码器: aac
分类: 🐤广东频道, 名称: 深圳移动电视, 有效: 0, IPv4: 4, IPv6: 0, 最小延迟: 1058 ms, 最高速率: 0.00 M/s, 平均速率: 0.00 M/s, 最高分辨率: None, 平均帧率: 未知, 视频编解码器: 未知, 音频编解码器: 未知
分类: 🐤广东频道, 名称: 东莞生活资讯, 有效: 2, IPv4: 2, IPv6: 0, 最小延迟: 1723 ms, 最高速率: 0.49 M/s, 平均速率: 0.36 M/s, 最高分辨率: 1280x720, 平均帧率: 25.00, 视频编解码器: h264, 音频编解码器: aac
分类: 🐤广东频道, 名称: 揭阳生活, 有效: 0, IPv4: 3, IPv6: 0, 最小延迟: 1467 ms, 最高速率: 0.15 M/s, 平均速率: 0.00 M/s, 最高分辨率: 1280x720, 平均帧率: 25.00, 视频编解码器: h264, 音频编解码器: aac
分类: 🐤广东频道, 名称: 河源综合, 有效: 0, IPv4: 2, IPv6: 0, 最小延迟: 7624 ms, 最高速率: 0.15 M/s, 平均速率: 0.00 M/s, 最高分辨率: 960x540, 平均帧率: 25.00, 视频编解码器: h264, 音频编解码器: aac
分类: 🌊台湾频道, 名称: 中视, 有效: 4, IPv4: 29, IPv6: 0, 最小延迟: 231 ms, 最高速率: 6.12 M/s, 平均速率: 3.27 M/s, 最高分辨率: 1920x1080, 平均帧率: 27.86, 视频编解码器: h264, 音频编解码器: aac
分类: 🌊台湾频道, 名称: 华视, 有效: 3, IPv4: 28, IPv6: 0, 最小延迟: 498 ms, 最高速率: 0.62 M/s, 平均速率: 0.61 M/s, 最高分辨率: 1920x1080, 平均帧率: 30.00, 视频编解码器: hevc, 音频编解码器: aac
分类: 🌊台湾频道, 名称: 民视, 有效: 3, IPv4: 24, IPv6: 0, 最小延迟: 8 ms, 最高速率: 1.73 M/s, 平均速率: 1.01 M/s, 最高分辨率: 1920x1080, 平均帧率: 29.13, 视频编解码器: h264, 音频编解码器: aac
分类: 🌊台湾频道, 名称: 台视, 有效: 3, IPv4: 32, IPv6: 0, 最小延迟: 377 ms, 最高速率: 0.86 M/s, 平均速率: 0.77 M/s, 最高分辨率: 1920x1080, 平均帧率: 30.05, 视频编解码器: hevc, 音频编解码器: aac
分类: 🌊台湾频道, 名称: 民视新闻, 有效: 4, IPv4: 7, IPv6: 0, 最小延迟: 8 ms, 最高速率: 0.66 M/s, 平均速率: 0.55 M/s, 最高分辨率: 1920x1080, 平均帧率: 29.98, 视频编解码器: h264, 音频编解码器: aac
分类: 🌊台湾频道, 名称: 中视新闻, 有效: 1, IPv4: 5, IPv6: 0, 最小延迟: 297 ms, 最高速率: 7.51 M/s, 平均速率: 7.51 M/s, 最高分辨率: 1920x1080, 平均帧率: 29.98, 视频编解码器: h264, 音频编解码器: aac
分类: 🌊台湾频道, 名称: 华视新闻, 有效: 0, IPv4: 4, IPv6: 0, 最小延迟: 107 ms, 最高速率: 0.10 M/s, 平均速率: 0.00 M/s, 最高分辨率: 1920x1080, 平均帧率: 29.97, 视频编解码器: h264, 音频编解码器: aac
分类: 🌊台湾频道, 名称: 公视新闻, 有效: 0, IPv4: 3, IPv6: 0, 最小延迟: -1 ms, 最高速率: 0.00 M/s, 平均速率: 0.00 M/s, 最高分辨率: None, 平均帧率: 未知, 视频编解码器: 未知, 音频编解码器: 未知
分类: 🌊台湾频道, 名称: 三立新闻, 有效: 0, IPv4: 10, IPv6: 0, 最小延迟: -1 ms, 最高速率: 0.00 M/s, 平均速率: 0.00 M/s, 最高分辨率: None, 平均帧率: 未知, 视频编解码器: 未知, 音频编解码器: 未知
分类: 🌊台湾频道, 名称: 镜新闻, 有效: 0, IPv4: 5, IPv6: 0, 最小延迟: -1 ms, 最高速率: 0.00 M/s, 平均速率: 0.00 M/s, 最高分辨率: None, 平均帧率: 未知, 视频编解码器: 未知, 音频编解码器: 未知
分类: 🌊台湾频道, 名称: 东森新闻, 有效: 1, IPv4: 4, IPv6: 0, 最小延迟: 352 ms, 最高速率: 0.61 M/s, 平均速率: 0.61 M/s, 最高分辨率: 1920x1080, 平均帧率: 29.97, 视频编解码器: h264, 音频编解码器: aac
分类: 🌊台湾频道, 名称: 台视新闻, 有效: 3, IPv4: 8, IPv6: 0, 最小延迟: 197 ms, 最高速率: 2.80 M/s, 平均速率: 1.42 M/s, 最高分辨率: 1920x1080, 平均帧率: 29.98, 视频编解码器: h264, 音频编解码器: aac
分类: 🌊台湾频道, 名称: 非凡新闻, 有效: 0, IPv4: 2, IPv6: 0, 最小延迟: 581 ms, 最高速率: 0.14 M/s, 平均速率: 0.00 M/s, 最高分辨率: 1280x720, 平均帧率: 30.30, 视频编解码器: h264, 音频编解码器: aac
分类: 🌊台湾频道, 名称: 三立台湾, 有效: 0, IPv4: 5, IPv6: 0, 最小延迟: -1 ms, 最高速率: 0.00 M/s, 平均速率: 0.00 M/s, 最高分辨率: None, 平均帧率: 未知, 视频编解码器: 未知, 音频编解码器: 未知
分类: 🌊台湾频道, 名称: 中天亚洲, 有效: 0, IPv4: 4, IPv6: 0, 最小延迟: 190 ms, 最高速率: 0.00 M/s, 平均速率: 0.00 M/s, 最高分辨率: None, 平均帧率: 未知, 视频编解码器: 未知, 音频编解码器: 未知
分类: 🌊台湾频道, 名称: 中天新闻, 有效: 0, IPv4: 11, IPv6: 0, 最小延迟: 18 ms, 最高速率: 0.20 M/s, 平均速率: 0.00 M/s, 最高分辨率: None, 平均帧率: 未知, 视频编解码器: 未知, 音频编解码器: 未知
分类: 🌊台湾频道, 名称: 纬来育乐, 有效: 0, IPv4: 11, IPv6: 0, 最小延迟: 24 ms, 最高速率: 0.19 M/s, 平均速率: 0.00 M/s, 最高分辨率: None, 平均帧率: 未知, 视频编解码器: 未知, 音频编解码器: 未知
分类: 🌊台湾频道, 名称: 纬来体育, 有效: 1, IPv4: 17, IPv6: 0, 最小延迟: 251 ms, 最高速率: 0.41 M/s, 平均速率: 0.41 M/s, 最高分辨率: 1280x720, 平均帧率: 30.00, 视频编解码器: h264, 音频编解码器: aac
分类: 🌊台湾频道, 名称: 纬来日本, 有效: 0, IPv4: 9, IPv6: 0, 最小延迟: -1 ms, 最高速率: 0.00 M/s, 平均速率: 0.00 M/s, 最高分辨率: None, 平均帧率: 未知, 视频编解码器: 未知, 音频编解码器: 未知
分类: 🌊台湾频道, 名称: 八大第一, 有效: 0, IPv4: 2, IPv6: 0, 最小延迟: 179 ms, 最高速率: 0.00 M/s, 平均速率: 0.00 M/s, 最高分辨率: None, 平均帧率: 未知, 视频编解码器: 未知, 音频编解码器: 未知
分类: 🌊台湾频道, 名称: 寰宇新闻, 有效: 0, IPv4: 19, IPv6: 0, 最小延迟: 348 ms, 最高速率: 0.13 M/s, 平均速率: 0.00 M/s, 最高分辨率: 1920x1080, 平均帧率: 29.99, 视频编解码器: h264, 音频编解码器: aac
分类: 🌊台湾频道, 名称: 龙华卡通, 有效: 0, IPv4: 3, IPv6: 0, 最小延迟: -1 ms, 最高速率: 0.00 M/s, 平均速率: 0.00 M/s, 最高分辨率: None, 平均帧率: 未知, 视频编解码器: 未知, 音频编解码器: 未知
分类: 🌊台湾频道, 名称: 八大综合, 有效: 0, IPv4: 1, IPv6: 0, 最小延迟: 361 ms, 最高速率: 0.00 M/s, 平均速率: 0.00 M/s, 最高分辨率: None, 平均帧率: 未知, 视频编解码器: 未知, 音频编解码器: 未知
分类: 🌊台湾频道, 名称: 龙华影剧, 有效: 0, IPv4: 1, IPv6: 0, 最小延迟: -1 ms, 最高速率: 0.00 M/s, 平均速率: 0.00 M/s, 最高分辨率: None, 平均帧率: 未知, 视频编解码器: 未知, 音频编解码器: 未知
分类: 🌊台湾频道, 名称: 龙华偶像, 有效: 0, IPv4: 9, IPv6: 0, 最小延迟: -1 ms, 最高速率: 0.00 M/s, 平均速率: 0.00 M/s, 最高分辨率: None, 平均帧率: 未知, 视频编解码器: 未知, 音频编解码器: 未知
分类: 🌊台湾频道, 名称: 纬来精彩, 有效: 1, IPv4: 3, IPv6: 0, 最小延迟: 6853 ms, 最高速率: 0.29 M/s, 平均速率: 0.29 M/s, 最高分辨率: 1280x720, 平均帧率: 25.00, 视频编解码器: h264, 音频编解码器: aac
分类: 🌊台湾频道, 名称: 龙祥电影, 有效: 0, IPv4: 7, IPv6: 0, 最小延迟: -1 ms, 最高速率: 0.00 M/s, 平均速率: 0.00 M/s, 最高分辨率: None, 平均帧率: 未知, 视频编解码器: 未知, 音频编解码器: 未知
分类: 🌊台湾频道, 名称: 龙华日韩, 有效: 0, IPv4: 8, IPv6: 0, 最小延迟: 192 ms, 最高速率: 0.00 M/s, 平均速率: 0.00 M/s, 最高分辨率: None, 平均帧率: 未知, 视频编解码器: 未知, 音频编解码器: 未知
分类: 🌊台湾频道, 名称: 龙华经典, 有效: 0, IPv4: 11, IPv6: 0, 最小延迟: 362 ms, 最高速率: 0.00 M/s, 平均速率: 0.00 M/s, 最高分辨率: None, 平均帧率: 未知, 视频编解码器: 未知, 音频编解码器: 未知
分类: 🌊台湾频道, 名称: 纬来电影, 有效: 0, IPv4: 13, IPv6: 0, 最小延迟: 58 ms, 最高速率: 0.42 M/s, 平均速率: 0.00 M/s, 最高分辨率: 1920x1080, 平均帧率: 30.00, 视频编解码器: h264, 音频编解码器: aac
分类: 🌊台湾频道, 名称: 龙华洋片, 有效: 0, IPv4: 4, IPv6: 0, 最小延迟: 802 ms, 最高速率: 0.08 M/s, 平均速率: 0.00 M/s, 最高分辨率: 1920x1080, 平均帧率: 30.00, 视频编解码器: h264, 音频编解码器: aac
分类: 🌊台湾频道, 名称: TVBS亚洲, 有效: 3, IPv4: 10, IPv6: 0, 最小延迟: 2307 ms, 最高速率: 0.62 M/s, 平均速率: 0.57 M/s, 最高分辨率: 1920x1080, 平均帧率: 29.97, 视频编解码器: h264, 音频编解码器: aac
分类: 🌊台湾频道, 名称: 龙华电影, 有效: 0, IPv4: 4, IPv6: 0, 最小延迟: 179 ms, 最高速率: 0.09 M/s, 平均速率: 0.00 M/s, 最高分辨率: 1920x1080, 平均帧率: 30.30, 视频编解码器: h264, 音频编解码器: aac
分类: 🌊台湾频道, 名称: TVB1, 有效: 0, IPv4: 5, IPv6: 0, 最小延迟: -1 ms, 最高速率: 0.00 M/s, 平均速率: 0.00 M/s, 最高分辨率: None, 平均帧率: 未知, 视频编解码器: 未知, 音频编解码器: 未知
分类: 🌊台湾频道, 名称: Viutv, 有效: 1, IPv4: 10, IPv6: 0, 最小延迟: 1334 ms, 最高速率: 0.97 M/s, 平均速率: 0.97 M/s, 最高分辨率: 1920x1080, 平均帧率: 25.00, 视频编解码器: h264, 音频编解码器: aac
分类: 🌊台湾频道, 名称: TVBS新闻, 有效: 0, IPv4: 10, IPv6: 0, 最小延迟: 546 ms, 最高速率: 0.09 M/s, 平均速率: 0.00 M/s, 最高分辨率: 1920x1080, 平均帧率: 29.00, 视频编解码器: h264, 音频编解码器: aac
分类: 🌊台湾频道, 名称: TVBS, 有效: 1, IPv4: 36, IPv6: 0, 最小延迟: 262 ms, 最高速率: 0.30 M/s, 平均速率: 0.30 M/s, 最高分辨率: 1920x1080, 平均帧率: 28.32, 视频编解码器: h264, 音频编解码器: aac
分类: 🌊台湾频道, 名称: axn电影, 有效: 0, IPv4: 2, IPv6: 0, 最小延迟: -1 ms, 最高速率: 0.00 M/s, 平均速率: 0.00 M/s, 最高分辨率: None, 平均帧率: 未知, 视频编解码器: 未知, 音频编解码器: 未知
分类: 🌊台湾频道, 名称: 东森财经, 有效: 0, IPv4: 8, IPv6: 0, 最小延迟: 192 ms, 最高速率: 0.06 M/s, 平均速率: 0.00 M/s, 最高分辨率: 720x480, 平均帧率: 29.97, 视频编解码器: h264, 音频编解码器: aac
分类: 🌊台湾频道, 名称: 东森超视, 有效: 1, IPv4: 15, IPv6: 0, 最小延迟: 2246 ms, 最高速率: 0.53 M/s, 平均速率: 0.53 M/s, 最高分辨率: 1920x1080, 平均帧率: 29.97, 视频编解码器: h264, 音频编解码器: aac
分类: 🌊台湾频道, 名称: 耀才财经, 有效: 0, IPv4: 6, IPv6: 0, 最小延迟: 2984 ms, 最高速率: 0.30 M/s, 平均速率: 0.00 M/s, 最高分辨率: 1024x576, 平均帧率: 25.00, 视频编解码器: h264, 音频编解码器: aac
分类: 🌊台湾频道, 名称: 东森电影, 有效: 0, IPv4: 13, IPv6: 0, 最小延迟: -1 ms, 最高速率: 0.00 M/s, 平均速率: 0.00 M/s, 最高分辨率: None, 平均帧率: 未知, 视频编解码器: 未知, 音频编解码器: 未知
分类: 🌊台湾频道, 名称: Channel[V], 有效: 0, IPv4: 1, IPv6: 0, 最小延迟: -1 ms, 最高速率: 0.00 M/s, 平均速率: 0.00 M/s, 最高分辨率: None, 平均帧率: 未知, 视频编解码器: 未知, 音频编解码器: 未知
分类: 🌊台湾频道, 名称: 番薯, 有效: 0, IPv4: 3, IPv6: 0, 最小延迟: -1 ms, 最高速率: 0.00 M/s, 平均速率: 0.00 M/s, 最高分辨率: None, 平均帧率: 未知, 视频编解码器: 未知, 音频编解码器: 未知
分类: 🌊台湾频道, 名称: 大爱1台, 有效: 0, IPv4: 3, IPv6: 0, 最小延迟: -1 ms, 最高速率: 0.00 M/s, 平均速率: 0.00 M/s, 最高分辨率: None, 平均帧率: 未知, 视频编解码器: 未知, 音频编解码器: 未知
分类: 🌊台湾频道, 名称: AMC电影台, 有效: 0, IPv4: 2, IPv6: 0, 最小延迟: 362 ms, 最高速率: 0.00 M/s, 平均速率: 0.00 M/s, 最高分辨率: None, 平均帧率: 未知, 视频编解码器: 未知, 音频编解码器: 未知
分类: 🌊台湾频道, 名称: 星光视界, 有效: 0, IPv4: 1, IPv6: 0, 最小延迟: -1 ms, 最高速率: 0.00 M/s, 平均速率: 0.00 M/s, 最高分辨率: None, 平均帧率: 未知, 视频编解码器: 未知, 音频编解码器: 未知
分类: 🌊台湾频道, 名称: 东森综合, 有效: 0, IPv4: 12, IPv6: 0, 最小延迟: 824 ms, 最高速率: 0.10 M/s, 平均速率: 0.00 M/s, 最高分辨率: 1920x1080, 平均帧率: 29.00, 视频编解码器: h264, 音频编解码器: aac
分类: 🌊台湾频道, 名称: 靖天资讯, 有效: 0, IPv4: 10, IPv6: 0, 最小延迟: 487 ms, 最高速率: 0.00 M/s, 平均速率: 0.00 M/s, 最高分辨率: None, 平均帧率: 未知, 视频编解码器: 未知, 音频编解码器: 未知
分类: 🌊台湾频道, 名称: 唯心电视, 有效: 0, IPv4: 2, IPv6: 0, 最小延迟: 1763 ms, 最高速率: 0.42 M/s, 平均速率: 0.00 M/s, 最高分辨率: 1920x1080, 平均帧率: 29.99, 视频编解码器: h264, 音频编解码器: mp3
分类: 🌊台湾频道, 名称: 大爱2台, 有效: 0, IPv4: 8, IPv6: 0, 最小延迟: 10761 ms, 最高速率: 0.12 M/s, 平均速率: 0.00 M/s, 最高分辨率: 1920x1080, 平均帧率: 30.00, 视频编解码器: h264, 音频编解码器: aac
分类: 🌊台湾频道, 名称: 星卫娱乐, 有效: 0, IPv4: 2, IPv6: 0, 最小延迟: 10053 ms, 最高速率: 0.00 M/s, 平均速率: 0.00 M/s, 最高分辨率: None, 平均帧率: 未知, 视频编解码器: 未知, 音频编解码器: 未知
分类: 🇭🇰香港频道, 名称: 凤凰中文, 有效: 1, IPv4: 52, IPv6: 0, 最小延迟: 20 ms, 最高速率: 0.43 M/s, 平均速率: 0.37 M/s, 最高分辨率: 1920x1080, 平均帧率: 25.00, 视频编解码器: h264, 音频编解码器: aac
分类: 🇭🇰香港频道, 名称: 凤凰资讯, 有效: 2, IPv4: 59, IPv6: 0, 最小延迟: 98 ms, 最高速率: 1.26 M/s, 平均速率: 0.40 M/s, 最高分辨率: 1920x1080, 平均帧率: 25.00, 视频编解码器: h264, 音频编解码器: aac
分类: 🇭🇰香港频道, 名称: TVB黃金翡翠台, 有效: 0, IPv4: 1, IPv6: 0, 最小延迟: -1 ms, 最高速率: 0.00 M/s, 平均速率: 0.00 M/s, 最高分辨率: None, 平均帧率: 未知, 视频编解码器: 未知, 音频编解码器: 未知
分类: 🇭🇰香港频道, 名称: TVB无线新闻台(北美), 有效: 0, IPv4: 1, IPv6: 0, 最小延迟: -1 ms, 最高速率: 0.00 M/s, 平均速率: 0.00 M/s, 最高分辨率: None, 平均帧率: 未知, 视频编解码器: 未知, 音频编解码器: 未知
分类: 🇭🇰香港频道, 名称: TVB无线卫星新闻, 有效: 0, IPv4: 1, IPv6: 0, 最小延迟: -1 ms, 最高速率: 0.00 M/s, 平均速率: 0.00 M/s, 最高分辨率: None, 平均帧率: 未知, 视频编解码器: 未知, 音频编解码器: 未知
分类: 🇭🇰香港频道, 名称: TVB明珠剧集台(北美), 有效: 0, IPv4: 2, IPv6: 0, 最小延迟: -1 ms, 最高速率: 0.00 M/s, 平均速率: 0.00 M/s, 最高分辨率: None, 平均帧率: 未知, 视频编解码器: 未知, 音频编解码器: 未知
分类: 🇭🇰香港频道, 名称: TVB无线新闻, 有效: 0, IPv4: 9, IPv6: 0, 最小延迟: -1 ms, 最高速率: 0.00 M/s, 平均速率: 0.00 M/s, 最高分辨率: None, 平均帧率: 未知, 视频编解码器: 未知, 音频编解码器: 未知
分类: 🇭🇰香港频道, 名称: TVB无线娱乐, 有效: 0, IPv4: 2, IPv6: 0, 最小延迟: -1 ms, 最高速率: 0.00 M/s, 平均速率: 0.00 M/s, 最高分辨率: None, 平均帧率: 未知, 视频编解码器: 未知, 音频编解码器: 未知
分类: 🇭🇰香港频道, 名称: TVB无线功夫, 有效: 0, IPv4: 1, IPv6: 0, 最小延迟: -1 ms, 最高速率: 0.00 M/s, 平均速率: 0.00 M/s, 最高分辨率: None, 平均帧率: 未知, 视频编解码器: 未知, 音频编解码器: 未知
分类: 🇭🇰香港频道, 名称: TVB J2, 有效: 0, IPv4: 2, IPv6: 0, 最小延迟: -1 ms, 最高速率: 0.00 M/s, 平均速率: 0.00 M/s, 最高分辨率: None, 平均帧率: 未知, 视频编解码器: 未知, 音频编解码器: 未知
分类: 🇭🇰香港频道, 名称: 亚洲新闻, 有效: 0, IPv4: 1, IPv6: 0, 最小延迟: -1 ms, 最高速率: 0.00 M/s, 平均速率: 0.00 M/s, 最高分辨率: None, 平均帧率: 未知, 视频编解码器: 未知, 音频编解码器: 未知
分类: 🇭🇰香港频道, 名称: TVB Plus, 有效: 0, IPv4: 16, IPv6: 0, 最小延迟: 74 ms, 最高速率: 2.17 M/s, 平均速率: 0.00 M/s, 最高分辨率: None, 平均帧率: 未知, 视频编解码器: 未知, 音频编解码器: 未知
分类: 🇭🇰香港频道, 名称: 凤凰香港, 有效: 0, IPv4: 33, IPv6: 0, 最小延迟: 197 ms, 最高速率: 1.81 M/s, 平均速率: 0.00 M/s, 最高分辨率: 840x480, 平均帧率: 30.00, 视频编解码器: h264, 音频编解码器: aac
分类: 🇭🇰香港频道, 名称: Now直播台, 有效: 0, IPv4: 3, IPv6: 0, 最小延迟: -1 ms, 最高速率: 0.00 M/s, 平均速率: 0.00 M/s, 最高分辨率: None, 平均帧率: 未知, 视频编解码器: 未知, 音频编解码器: 未知
分类: 🇭🇰香港频道, 名称: Now星影台, 有效: 0, IPv4: 2, IPv6: 0, 最小延迟: -1 ms, 最高速率: 0.00 M/s, 平均速率: 0.00 M/s, 最高分辨率: None, 平均帧率: 未知, 视频编解码器: 未知, 音频编解码器: 未知
分类: 🇭🇰香港频道, 名称: Now爆谷台, 有效: 0, IPv4: 2, IPv6: 0, 最小延迟: -1 ms, 最高速率: 0.00 M/s, 平均速率: 0.00 M/s, 最高分辨率: None, 平均帧率: 未知, 视频编解码器: 未知, 音频编解码器: 未知
分类: 🇭🇰香港频道, 名称: Now华剧台, 有效: 0, IPv4: 1, IPv6: 0, 最小延迟: -1 ms, 最高速率: 0.00 M/s, 平均速率: 0.00 M/s, 最高分辨率: None, 平均帧率: 未知, 视频编解码器: 未知, 音频编解码器: 未知
分类: 🇭🇰香港频道, 名称: 美亚C+, 有效: 2, IPv4: 2, IPv6: 0, 最小延迟: 1934 ms, 最高速率: 0.74 M/s, 平均速率: 0.67 M/s, 最高分辨率: 1920x1080, 平均帧率: 25.00, 视频编解码器: h264, 音频编解码器: aac
分类: 🇭🇰香港频道, 名称: Now剧集台, 有效: 0, IPv4: 2, IPv6: 0, 最小延迟: -1 ms, 最高速率: 0.00 M/s, 平均速率: 0.00 M/s, 最高分辨率: None, 平均帧率: 未知, 视频编解码器: 未知, 音频编解码器: 未知
分类: 🇭🇰香港频道, 名称: 美亞電影台(HK), 有效: 0, IPv4: 1, IPv6: 0, 最小延迟: -1 ms, 最高速率: 0.00 M/s, 平均速率: 0.00 M/s, 最高分辨率: None, 平均帧率: 未知, 视频编解码器: 未知, 音频编解码器: 未知
分类: 🇭🇰香港频道, 名称: 28 AI 智慧賽馬, 有效: 0, IPv4: 5, IPv6: 0, 最小延迟: -1 ms, 最高速率: 0.00 M/s, 平均速率: 0.00 M/s, 最高分辨率: None, 平均帧率: 未知, 视频编解码器: 未知, 音频编解码器: 未知
分类: 🇭🇰香港频道, 名称: myTV SUPER 18台, 有效: 0, IPv4: 3, IPv6: 0, 最小延迟: -1 ms, 最高速率: 0.00 M/s, 平均速率: 0.00 M/s, 最高分辨率: None, 平均帧率: 未知, 视频编解码器: 未知, 音频编解码器: 未知
分类: 🇭🇰香港频道, 名称: PopC, 有效: 0, IPv4: 9, IPv6: 0, 最小延迟: -1 ms, 最高速率: 0.00 M/s, 平均速率: 0.00 M/s, 最高分辨率: None, 平均帧率: 未知, 视频编解码器: 未知, 音频编解码器: 未知
分类: 🇭🇰香港频道, 名称: 翡翠台, 有效: 2, IPv4: 35, IPv6: 0, 最小延迟: 157 ms, 最高速率: 1.93 M/s, 平均速率: 0.51 M/s, 最高分辨率: 1920x1080, 平均帧率: 26.67, 视频编解码器: h264, 音频编解码器: aac
分类: 🇭🇰香港频道, 名称: viutv 99, 有效: 0, IPv4: 1, IPv6: 0, 最小延迟: -1 ms, 最高速率: 0.00 M/s, 平均速率: 0.00 M/s, 最高分辨率: None, 平均帧率: 未知, 视频编解码器: 未知, 音频编解码器: 未知
分类: 🇭🇰香港频道, 名称: viutv6 96, 有效: 0, IPv4: 1, IPv6: 0, 最小延迟: -1 ms, 最高速率: 0.00 M/s, 平均速率: 0.00 M/s, 最高分辨率: None, 平均帧率: 未知, 视频编解码器: 未知, 音频编解码器: 未知
分类: 🇭🇰香港频道, 名称: TVB明珠台, 有效: 0, IPv4: 9, IPv6: 0, 最小延迟: 10 ms, 最高速率: 0.77 M/s, 平均速率: 0.00 M/s, 最高分辨率: 1920x1080, 平均帧率: 27.50, 视频编解码器: h264, 音频编解码器: aac
分类: 🇭🇰香港频道, 名称: France 24, 有效: 0, IPv4: 3, IPv6: 0, 最小延迟: -1 ms, 最高速率: 0.00 M/s, 平均速率: 0.00 M/s, 最高分辨率: None, 平均帧率: 未知, 视频编解码器: 未知, 音频编解码器: 未知
分类: 🇭🇰香港频道, 名称: KIX, 有效: 0, IPv4: 4, IPv6: 0, 最小延迟: -1 ms, 最高速率: 0.00 M/s, 平均速率: 0.00 M/s, 最高分辨率: None, 平均帧率: 未知, 视频编解码器: 未知, 音频编解码器: 未知
分类: 🇭🇰香港频道, 名称: TVB翡翠剧集台(北美), 有效: 1, IPv4: 4, IPv6: 0, 最小延迟: 11 ms, 最高速率: 0.41 M/s, 平均速率: 0.41 M/s, 最高分辨率: 1280x720, 平均帧率: 30.30, 视频编解码器: h264, 音频编解码器: aac
分类: 🇭🇰香港频道, 名称: Animax(HK), 有效: 1, IPv4: 9, IPv6: 0, 最小延迟: 2083 ms, 最高速率: 1.16 M/s, 平均速率: 1.16 M/s, 最高分辨率: 1280x720, 平均帧率: 30.00, 视频编解码器: h264, 音频编解码器: aac
分类: 🇭🇰香港频道, 名称: Love Nature HD, 有效: 2, IPv4: 8, IPv6: 0, 最小延迟: 145 ms, 最高速率: 19.97 M/s, 平均速率: 15.93 M/s, 最高分辨率: 1920x1080, 平均帧率: 29.97, 视频编解码器: h264, 音频编解码器: aac
分类: 🇭🇰香港频道, 名称: Nick Jr, 有效: 0, IPv4: 5, IPv6: 0, 最小延迟: -1 ms, 最高速率: 0.00 M/s, 平均速率: 0.00 M/s, 最高分辨率: None, 平均帧率: 未知, 视频编解码器: 未知, 音频编解码器: 未知
分类: 🇭🇰香港频道, 名称: Nickelodeon, 有效: 0, IPv4: 4, IPv6: 0, 最小延迟: -1 ms, 最高速率: 0.00 M/s, 平均速率: 0.00 M/s, 最高分辨率: None, 平均帧率: 未知, 视频编解码器: 未知, 音频编解码器: 未知
分类: 🇭🇰香港频道, 名称: Thrill, 有效: 0, IPv4: 3, IPv6: 0, 最小延迟: -1 ms, 最高速率: 0.00 M/s, 平均速率: 0.00 M/s, 最高分辨率: None, 平均帧率: 未知, 视频编解码器: 未知, 音频编解码器: 未知
分类: 🇭🇰香港频道, 名称: ZooMoo, 有效: 0, IPv4: 4, IPv6: 0, 最小延迟: 6 ms, 最高速率: 0.82 M/s, 平均速率: 0.00 M/s, 最高分辨率: None, 平均帧率: 未知, 视频编解码器: 未知, 音频编解码器: 未知
分类: 🇭🇰香港频道, 名称: DW, 有效: 0, IPv4: 6, IPv6: 0, 最小延迟: 356 ms, 最高速率: 0.00 M/s, 平均速率: 0.00 M/s, 最高分辨率: None, 平均帧率: 未知, 视频编解码器: 未知, 音频编解码器: 未知
分类: 🇭🇰香港频道, 名称: TVB J1, 有效: 1, IPv4: 5, IPv6: 0, 最小延迟: 82 ms, 最高速率: 0.37 M/s, 平均速率: 0.37 M/s, 最高分辨率: 1280x720, 平均帧率: 30.14, 视频编解码器: h264, 音频编解码器: aac
分类: 🇭🇰香港频道, 名称: i-Fun 動漫台, 有效: 0, IPv4: 4, IPv6: 0, 最小延迟: -1 ms, 最高速率: 0.00 M/s, 平均速率: 0.00 M/s, 最高分辨率: None, 平均帧率: 未知, 视频编解码器: 未知, 音频编解码器: 未知
分类: 🇭🇰香港频道, 名称: Astro AOD, 有效: 0, IPv4: 1, IPv6: 0, 最小延迟: -1 ms, 最高速率: 0.00 M/s, 平均速率: 0.00 M/s, 最高分辨率: None, 平均帧率: 未知, 视频编解码器: 未知, 音频编解码器: 未知
分类: 🇭🇰香港频道, 名称: Astro AEC, 有效: 0, IPv4: 2, IPv6: 0, 最小延迟: 6 ms, 最高速率: 0.76 M/s, 平均速率: 0.00 M/s, 最高分辨率: None, 平均帧率: 未知, 视频编解码器: 未知, 音频编解码器: 未知
分类: 🇭🇰香港频道, 名称: Astro iQIYI, 有效: 0, IPv4: 2, IPv6: 0, 最小延迟: -1 ms, 最高速率: 0.00 M/s, 平均速率: 0.00 M/s, 最高分辨率: None, 平均帧率: 未知, 视频编解码器: 未知, 音频编解码器: 未知
分类: 🇭🇰香港频道, 名称: Astro Xing He, 有效: 0, IPv4: 1, IPv6: 0, 最小延迟: -1 ms, 最高速率: 0.00 M/s, 平均速率: 0.00 M/s, 最高分辨率: None, 平均帧率: 未知, 视频编解码器: 未知, 音频编解码器: 未知
分类: 🇭🇰香港频道, 名称: 有线新闻, 有效: 2, IPv4: 5, IPv6: 0, 最小延迟: 9 ms, 最高速率: 0.21 M/s, 平均速率: 0.21 M/s, 最高分辨率: 1280x720, 平均帧率: 25.00, 视频编解码器: h264, 音频编解码器: aac
分类: 🇭🇰香港频道, 名称: NHK東京総合, 有效: 0, IPv4: 2, IPv6: 0, 最小延迟: -1 ms, 最高速率: 0.00 M/s, 平均速率: 0.00 M/s, 最高分辨率: None, 平均帧率: 未知, 视频编解码器: 未知, 音频编解码器: 未知
分类: 🇭🇰香港频道, 名称: AXN, 有效: 0, IPv4: 13, IPv6: 0, 最小延迟: 10 ms, 最高速率: 0.46 M/s, 平均速率: 0.00 M/s, 最高分辨率: None, 平均帧率: 未知, 视频编解码器: 未知, 音频编解码器: 未知
分类: 🇭🇰香港频道, 名称: 中国香港环球, 有效: 0, IPv4: 1, IPv6: 0, 最小延迟: -1 ms, 最高速率: 0.00 M/s, 平均速率: 0.00 M/s, 最高分辨率: None, 平均帧率: 未知, 视频编解码器: 未知, 音频编解码器: 未知
分类: 🇭🇰香港频道, 名称: MOMOTV, 有效: 0, IPv4: 1, IPv6: 0, 最小延迟: -1 ms, 最高速率: 0.00 M/s, 平均速率: 0.00 M/s, 最高分辨率: None, 平均帧率: 未知, 视频编解码器: 未知, 音频编解码器: 未知
分类: 🇭🇰香港频道, 名称: Astro QJ, 有效: 0, IPv4: 3, IPv6: 0, 最小延迟: -1 ms, 最高速率: 0.00 M/s, 平均速率: 0.00 M/s, 最高分辨率: None, 平均帧率: 未知, 视频编解码器: 未知, 音频编解码器: 未知
分类: 🇭🇰香港频道, 名称: 港台电视32, 有效: 0, IPv4: 4, IPv6: 0, 最小延迟: -1 ms, 最高速率: 0.00 M/s, 平均速率: 0.00 M/s, 最高分辨率: None, 平均帧率: 未知, 视频编解码器: 未知, 音频编解码器: 未知
分类: 🇭🇰香港频道, 名称: tvN, 有效: 0, IPv4: 11, IPv6: 0, 最小延迟: 6 ms, 最高速率: 1.35 M/s, 平均速率: 0.00 M/s, 最高分辨率: None, 平均帧率: 未知, 视频编解码器: 未知, 音频编解码器: 未知
分类: 🇭🇰香港频道, 名称: 娛樂新聞台(HK), 有效: 1, IPv4: 8, IPv6: 0, 最小延迟: 11 ms, 最高速率: 0.62 M/s, 平均速率: 0.62 M/s, 最高分辨率: 1920x1080, 平均帧率: 25.00, 视频编解码器: h264, 音频编解码器: aac
分类: 🇭🇰香港频道, 名称: 千禧經典台(HK), 有效: 0, IPv4: 2, IPv6: 0, 最小延迟: 12 ms, 最高速率: 0.45 M/s, 平均速率: 0.00 M/s, 最高分辨率: 1920x1080, 平均帧率: 50.00, 视频编解码器: h264, 音频编解码器: aac
分类: 🇭🇰香港频道, 名称: 港台电视34, 有效: 0, IPv4: 2, IPv6: 0, 最小延迟: -1 ms, 最高速率: 0.00 M/s, 平均速率: 0.00 M/s, 最高分辨率: None, 平均帧率: 未知, 视频编解码器: 未知, 音频编解码器: 未知
分类: 🇭🇰香港频道, 名称: 港台电视35, 有效: 0, IPv4: 2, IPv6: 0, 最小延迟: -1 ms, 最高速率: 0.00 M/s, 平均速率: 0.00 M/s, 最高分辨率: None, 平均帧率: 未知, 视频编解码器: 未知, 音频编解码器: 未知
分类: 🇭🇰香港频道, 名称: 香港電台(RTHK 34), 有效: 0, IPv4: 1, IPv6: 0, 最小延迟: -1 ms, 最高速率: 0.00 M/s, 平均速率: 0.00 M/s, 最高分辨率: None, 平均帧率: 未知, 视频编解码器: 未知, 音频编解码器: 未知
分类: 🇭🇰香港频道, 名称: 港台电视33, 有效: 1, IPv4: 11, IPv6: 0, 最小延迟: 19 ms, 最高速率: 192.79 M/s, 平均速率: 192.79 M/s, 最高分辨率: 1920x1080, 平均帧率: 24.25, 视频编解码器: h264, 音频编解码器: aac
分类: 🇭🇰香港频道, 名称: 香港面包台, 有效: 2, IPv4: 2, IPv6: 0, 最小延迟: 2802 ms, 最高速率: 1.16 M/s, 平均速率: 1.08 M/s, 最高分辨率: 1920x1080, 平均帧率: 30.00, 视频编解码器: h264, 音频编解码器: aac
分类: 🇭🇰香港频道, 名称: ROCK Action, 有效: 1, IPv4: 5, IPv6: 0, 最小延迟: 77 ms, 最高速率: 0.69 M/s, 平均速率: 0.69 M/s, 最高分辨率: 1920x1080, 平均帧率: 30.00, 视频编解码器: h264, 音频编解码器: aac
分类: 🎬电影频道, 名称: 1905电影, 有效: 0, IPv4: 7, IPv6: 0, 最小延迟: -1 ms, 最高速率: 0.00 M/s, 平均速率: 0.00 M/s, 最高分辨率: None, 平均帧率: 未知, 视频编解码器: 未知, 音频编解码器: 未知
分类: 🎬电影频道, 名称: 1905电影亚洲, 有效: 0, IPv4: 2, IPv6: 0, 最小延迟: -1 ms, 最高速率: 0.00 M/s, 平均速率: 0.00 M/s, 最高分辨率: None, 平均帧率: 未知, 视频编解码器: 未知, 音频编解码器: 未知
分类: 🎬电影频道, 名称: 1905电影国际, 有效: 0, IPv4: 1, IPv6: 0, 最小延迟: -1 ms, 最高速率: 0.00 M/s, 平均速率: 0.00 M/s, 最高分辨率: None, 平均帧率: 未知, 视频编解码器: 未知, 音频编解码器: 未知
分类: 🇭🇰香港频道, 名称: HOY77, 有效: 1, IPv4: 6, IPv6: 0, 最小延迟: 12 ms, 最高速率: 0.51 M/s, 平均速率: 0.51 M/s, 最高分辨率: 1920x1080, 平均帧率: 50.00, 视频编解码器: h264, 音频编解码器: aac
分类: 🇭🇰香港频道, 名称: 港台电视31, 有效: 1, IPv4: 7, IPv6: 0, 最小延迟: 13 ms, 最高速率: 0.67 M/s, 平均速率: 0.67 M/s, 最高分辨率: 1920x1080, 平均帧率: 25.00, 视频编解码器: h264, 音频编解码器: aac
分类: 🇲🇴澳门频道, 名称: 澳门体育, 有效: 0, IPv4: 1, IPv6: 0, 最小延迟: 4135 ms, 最高速率: 0.36 M/s, 平均速率: 0.00 M/s, 最高分辨率: 1920x1080, 平均帧率: 25.00, 视频编解码器: h264, 音频编解码器: aac
分类: 🇲🇴澳门频道, 名称: 澳视澳门, 有效: 0, IPv4: 6, IPv6: 0, 最小延迟: 12 ms, 最高速率: 0.35 M/s, 平均速率: 0.00 M/s, 最高分辨率: 1920x1080, 平均帧率: 25.00, 视频编解码器: h264, 音频编解码器: aac
分类: 🇲🇴澳门频道, 名称: 澳门综艺, 有效: 0, IPv4: 2, IPv6: 0, 最小延迟: 4280 ms, 最高速率: 0.34 M/s, 平均速率: 0.00 M/s, 最高分辨率: 1920x1080, 平均帧率: 25.00, 视频编解码器: h264, 音频编解码器: aac
分类: 🎬电影频道, 名称: CHC影迷电影, 有效: 2, IPv4: 15, IPv6: 0, 最小延迟: 296 ms, 最高速率: 5.88 M/s, 平均速率: 4.51 M/s, 最高分辨率: 1920x1080, 平均帧率: 25.00, 视频编解码器: h264, 音频编解码器: aac
分类: 🎬电影频道, 名称: CHC动作电影, 有效: 3, IPv4: 32, IPv6: 0, 最小延迟: 332 ms, 最高速率: 5.07 M/s, 平均速率: 2.64 M/s, 最高分辨率: 1920x1080, 平均帧率: 37.50, 视频编解码器: h264, 音频编解码器: mp2
分类: 🎬电影频道, 名称: 海看大片, 有效: 0, IPv4: 1, IPv6: 0, 最小延迟: -1 ms, 最高速率: 0.00 M/s, 平均速率: 0.00 M/s, 最高分辨率: None, 平均帧率: 未知, 视频编解码器: 未知, 音频编解码器: 未知
分类: 🎬电影频道, 名称: 淘娱乐, 有效: 0, IPv4: 5, IPv6: 0, 最小延迟: -1 ms, 最高速率: 0.00 M/s, 平均速率: 0.00 M/s, 最高分辨率: None, 平均帧率: 未知, 视频编解码器: 未知, 音频编解码器: 未知
分类: 🎬电影频道, 名称: 萌宠TV, 有效: 0, IPv4: 1, IPv6: 0, 最小延迟: -1 ms, 最高速率: 0.00 M/s, 平均速率: 0.00 M/s, 最高分辨率: None, 平均帧率: 未知, 视频编解码器: 未知, 音频编解码器: 未知
分类: 🎬电影频道, 名称: 淘Baby, 有效: 0, IPv4: 3, IPv6: 0, 最小延迟: -1 ms, 最高速率: 0.00 M/s, 平均速率: 0.00 M/s, 最高分辨率: None, 平均帧率: 未知, 视频编解码器: 未知, 音频编解码器: 未知
分类: 🎬电影频道, 名称: 淘精彩, 有效: 0, IPv4: 2, IPv6: 0, 最小延迟: -1 ms, 最高速率: 0.00 M/s, 平均速率: 0.00 M/s, 最高分辨率: None, 平均帧率: 未知, 视频编解码器: 未知, 音频编解码器: 未知
分类: 🎬电影频道, 名称: NewTV惊悚悬疑, 有效: 1, IPv4: 7, IPv6: 0, 最小延迟: 10 ms, 最高速率: 286.76 M/s, 平均速率: 286.76 M/s, 最高分辨率: 1440x1080, 平均帧率: 30.00, 视频编解码器: h264, 音频编解码器: aac
分类: 🎬电影频道, 名称: NewTV动作电影, 有效: 1, IPv4: 6, IPv6: 0, 最小延迟: 7 ms, 最高速率: 347.56 M/s, 平均速率: 347.56 M/s, 最高分辨率: 1440x1080, 平均帧率: 30.00, 视频编解码器: h264, 音频编解码器: aac
分类: 🎬电影频道, 名称: 淘剧场, 有效: 1, IPv4: 6, IPv6: 0, 最小延迟: 10256 ms, 最高速率: 0.61 M/s, 平均速率: 0.61 M/s, 最高分辨率: 1920x1080, 平均帧率: 25.00, 视频编解码器: h264, 音频编解码器: aac
分类: 🎬电影频道, 名称: 淘电影, 有效: 1, IPv4: 5, IPv6: 0, 最小延迟: 10132 ms, 最高速率: 0.67 M/s, 平均速率: 0.67 M/s, 最高分辨率: 1920x1080, 平均帧率: 25.00, 视频编解码器: h264, 音频编解码器: aac
分类: 🎬电影频道, 名称: CHC家庭影院, 有效: 1, IPv4: 26, IPv6: 0, 最小延迟: 478 ms, 最高速率: 9.57 M/s, 平均速率: 3.55 M/s, 最高分辨率: 1920x1080, 平均帧率: 25.00, 视频编解码器: h264, 音频编解码器: aac
分类: 🎬电影频道, 名称: 凤凰电影, 有效: 0, IPv4: 5, IPv6: 0, 最小延迟: 10873 ms, 最高速率: 0.10 M/s, 平均速率: 0.00 M/s, 最高分辨率: 1920x1080, 平均帧率: 25.00, 视频编解码器: h264, 音频编解码器: mp2
分类: 🎬电影频道, 名称: 漫威电影, 有效: 0, IPv4: 1, IPv6: 0, 最小延迟: -1 ms, 最高速率: 0.00 M/s, 平均速率: 0.00 M/s, 最高分辨率: None, 平均帧率: 未知, 视频编解码器: 未知, 音频编解码器: 未知
分类: 🎬电影频道, 名称: 星光影视, 有效: 0, IPv4: 2, IPv6: 0, 最小延迟: -1 ms, 最高速率: 0.00 M/s, 平均速率: 0.00 M/s, 最高分辨率: None, 平均帧率: 未知, 视频编解码器: 未知, 音频编解码器: 未知
分类: 🎬电影频道, 名称: 黑莓电影, 有效: 0, IPv4: 11, IPv6: 0, 最小延迟: -1 ms, 最高速率: 0.00 M/s, 平均速率: 0.00 M/s, 最高分辨率: None, 平均帧率: 未知, 视频编解码器: 未知, 音频编解码器: 未知
分类: 🎬电影频道, 名称: IPTV经典电影, 有效: 0, IPv4: 8, IPv6: 0, 最小延迟: -1 ms, 最高速率: 0.00 M/s, 平均速率: 0.00 M/s, 最高分辨率: None, 平均帧率: 未知, 视频编解码器: 未知, 音频编解码器: 未知
分类: 🎬电影频道, 名称: 靖天映画, 有效: 0, IPv4: 14, IPv6: 0, 最小延迟: 360 ms, 最高速率: 0.00 M/s, 平均速率: 0.00 M/s, 最高分辨率: None, 平均帧率: 未知, 视频编解码器: 未知, 音频编解码器: 未知
分类: 🎬电影频道, 名称: 东森洋片, 有效: 0, IPv4: 12, IPv6: 0, 最小延迟: -1 ms, 最高速率: 0.00 M/s, 平均速率: 0.00 M/s, 最高分辨率: None, 平均帧率: 未知, 视频编解码器: 未知, 音频编解码器: 未知
分类: 🎬电影频道, 名称: 靖天戏剧, 有效: 0, IPv4: 14, IPv6: 0, 最小延迟: 187 ms, 最高速率: 0.00 M/s, 平均速率: 0.00 M/s, 最高分辨率: None, 平均帧率: 未知, 视频编解码器: 未知, 音频编解码器: 未知
分类: 🎬电影频道, 名称: 亚洲武侠, 有效: 0, IPv4: 4, IPv6: 0, 最小延迟: -1 ms, 最高速率: 0.00 M/s, 平均速率: 0.00 M/s, 最高分辨率: None, 平均帧率: 未知, 视频编解码器: 未知, 音频编解码器: 未知
分类: 🎬电影频道, 名称: 天映经典, 有效: 0, IPv4: 15, IPv6: 0, 最小延迟: 820 ms, 最高速率: 0.14 M/s, 平均速率: 0.00 M/s, 最高分辨率: 1024x576, 平均帧率: 25.00, 视频编解码器: h264, 音频编解码器: aac
分类: 🎬电影频道, 名称: AMC最爱电影, 有效: 0, IPv4: 2, IPv6: 0, 最小延迟: -1 ms, 最高速率: 0.00 M/s, 平均速率: 0.00 M/s, 最高分辨率: None, 平均帧率: 未知, 视频编解码器: 未知, 音频编解码器: 未知
分类: 🎬电影频道, 名称: CatchPlay电影台, 有效: 0, IPv4: 1, IPv6: 0, 最小延迟: -1 ms, 最高速率: 0.00 M/s, 平均速率: 0.00 M/s, 最高分辨率: None, 平均帧率: 未知, 视频编解码器: 未知, 音频编解码器: 未知
分类: 🎬电影频道, 名称: CinemaWorld, 有效: 0, IPv4: 1, IPv6: 0, 最小延迟: -1 ms, 最高速率: 0.00 M/s, 平均速率: 0.00 M/s, 最高分辨率: None, 平均帧率: 未知, 视频编解码器: 未知, 音频编解码器: 未知
分类: 🎬电影频道, 名称: 4K电影, 有效: 0, IPv4: 12, IPv6: 0, 最小延迟: -1 ms, 最高速率: 0.00 M/s, 平均速率: 0.00 M/s, 最高分辨率: None, 平均帧率: 未知, 视频编解码器: 未知, 音频编解码器: 未知
分类: 🎬电影频道, 名称: 八大戏剧, 有效: 0, IPv4: 2, IPv6: 0, 最小延迟: 363 ms, 最高速率: 0.00 M/s, 平均速率: 0.00 M/s, 最高分辨率: None, 平均帧率: 未知, 视频编解码器: 未知, 音频编解码器: 未知
分类: 🎬电影频道, 名称: 无线星河, 有效: 0, IPv4: 5, IPv6: 0, 最小延迟: 10358 ms, 最高速率: 0.00 M/s, 平均速率: 0.00 M/s, 最高分辨率: None, 平均帧率: 未知, 视频编解码器: 未知, 音频编解码器: 未知
分类: 🎬电影频道, 名称: CINEMAX, 有效: 0, IPv4: 10, IPv6: 0, 最小延迟: -1 ms, 最高速率: 0.00 M/s, 平均速率: 0.00 M/s, 最高分辨率: None, 平均帧率: 未知, 视频编解码器: 未知, 音频编解码器: 未知
分类: 🎬电影频道, 名称: HBOFamily, 有效: 0, IPv4: 2, IPv6: 0, 最小延迟: -1 ms, 最高速率: 0.00 M/s, 平均速率: 0.00 M/s, 最高分辨率: None, 平均帧率: 未知, 视频编解码器: 未知, 音频编解码器: 未知
分类: 🎬电影频道, 名称: 爱尔达影剧台, 有效: 0, IPv4: 3, IPv6: 0, 最小延迟: -1 ms, 最高速率: 0.00 M/s, 平均速率: 0.00 M/s, 最高分辨率: None, 平均帧率: 未知, 视频编解码器: 未知, 音频编解码器: 未知
分类: 🎬电影频道, 名称: HBO signature, 有效: 0, IPv4: 1, IPv6: 0, 最小延迟: -1 ms, 最高速率: 0.00 M/s, 平均速率: 0.00 M/s, 最高分辨率: None, 平均帧率: 未知, 视频编解码器: 未知, 音频编解码器: 未知
分类: 🎬电影频道, 名称: 好莱坞电影台, 有效: 0, IPv4: 4, IPv6: 0, 最小延迟: -1 ms, 最高速率: 0.00 M/s, 平均速率: 0.00 M/s, 最高分辨率: None, 平均帧率: 未知, 视频编解码器: 未知, 音频编解码器: 未知
分类: 🎬电影频道, 名称: StarMovies, 有效: 0, IPv4: 2, IPv6: 0, 最小延迟: -1 ms, 最高速率: 0.00 M/s, 平均速率: 0.00 M/s, 最高分辨率: None, 平均帧率: 未知, 视频编解码器: 未知, 音频编解码器: 未知
分类: 🎬电影频道, 名称: 三立戏剧, 有效: 1, IPv4: 1, IPv6: 0, 最小延迟: 6312 ms, 最高速率: 0.28 M/s, 平均速率: 0.28 M/s, 最高分辨率: 1280x720, 平均帧率: 25.00, 视频编解码器: h264, 音频编解码器: aac
分类: 🎬电影频道, 名称: 星卫电影, 有效: 0, IPv4: 1, IPv6: 0, 最小延迟: -1 ms, 最高速率: 0.00 M/s, 平均速率: 0.00 M/s, 最高分辨率: None, 平均帧率: 未知, 视频编解码器: 未知, 音频编解码器: 未知
分类: 🎬电影频道, 名称: 壹电视电影, 有效: 0, IPv4: 2, IPv6: 0, 最小延迟: -1 ms, 最高速率: 0.00 M/s, 平均速率: 0.00 M/s, 最高分辨率: None, 平均帧率: 未知, 视频编解码器: 未知, 音频编解码器: 未知
分类: 🎬电影频道, 名称: 天映频道, 有效: 0, IPv4: 12, IPv6: 0, 最小延迟: 955 ms, 最高速率: 0.05 M/s, 平均速率: 0.00 M/s, 最高分辨率: 854x480, 平均帧率: 25.00, 视频编解码器: h264, 音频编解码器: aac
分类: 🎬电影频道, 名称: 美亚电影, 有效: 1, IPv4: 12, IPv6: 0, 最小延迟: 201 ms, 最高速率: 0.64 M/s, 平均速率: 0.64 M/s, 最高分辨率: 1280x720, 平均帧率: 27.50, 视频编解码器: h264, 音频编解码器: aac
分类: 🎬电影频道, 名称: 靖天电影, 有效: 0, IPv4: 4, IPv6: 0, 最小延迟: 706 ms, 最高速率: 0.10 M/s, 平均速率: 0.00 M/s, 最高分辨率: 1920x1080, 平均帧率: 30.00, 视频编解码器: h264, 音频编解码器: aac
分类: 🎬电影频道, 名称: 采昌影剧台, 有效: 0, IPv4: 9, IPv6: 0, 最小延迟: 363 ms, 最高速率: 0.00 M/s, 平均速率: 0.00 M/s, 最高分辨率: None, 平均帧率: 未知, 视频编解码器: 未知, 音频编解码器: 未知
分类: 🎬电影频道, 名称: 溧水影视, 有效: 0, IPv4: 2, IPv6: 0, 最小延迟: -1 ms, 最高速率: 0.00 M/s, 平均速率: 0.00 M/s, 最高分辨率: None, 平均帧率: 未知, 视频编解码器: 未知, 音频编解码器: 未知
分类: 🎬电影频道, 名称: 滨海影视, 有效: 0, IPv4: 1, IPv6: 0, 最小延迟: -1 ms, 最高速率: 0.00 M/s, 平均速率: 0.00 M/s, 最高分辨率: None, 平均帧率: 未知, 视频编解码器: 未知, 音频编解码器: 未知
分类: 🎬电影频道, 名称: 影迷数位电影, 有效: 0, IPv4: 7, IPv6: 0, 最小延迟: 186 ms, 最高速率: 0.00 M/s, 平均速率: 0.00 M/s, 最高分辨率: None, 平均帧率: 未知, 视频编解码器: 未知, 音频编解码器: 未知
分类: 🎬电影频道, 名称: HBO, 有效: 1, IPv4: 24, IPv6: 0, 最小延迟: 118 ms, 最高速率: 0.24 M/s, 平均速率: 0.24 M/s, 最高分辨率: 1280x720, 平均帧率: 30.00, 视频编解码器: h264, 音频编解码器: aac
分类: 🎬电影频道, 名称: 石河子影视文体, 有效: 0, IPv4: 1, IPv6: 0, 最小延迟: -1 ms, 最高速率: 0.00 M/s, 平均速率: 0.00 M/s, 最高分辨率: None, 平均帧率: 未知, 视频编解码器: 未知, 音频编解码器: 未知
分类: 🎬电影频道, 名称: 泽影视, 有效: 0, IPv4: 1, IPv6: 0, 最小延迟: -1 ms, 最高速率: 0.00 M/s, 平均速率: 0.00 M/s, 最高分辨率: None, 平均帧率: 未知, 视频编解码器: 未知, 音频编解码器: 未知
分类: 🎬电影频道, 名称: 烟台影视, 有效: 0, IPv4: 3, IPv6: 0, 最小延迟: -1 ms, 最高速率: 0.00 M/s, 平均速率: 0.00 M/s, 最高分辨率: None, 平均帧率: 未知, 视频编解码器: 未知, 音频编解码器: 未知
分类: 🎬电影频道, 名称: 绍兴影视, 有效: 0, IPv4: 1, IPv6: 0, 最小延迟: 4594 ms, 最高速率: 0.20 M/s, 平均速率: 0.00 M/s, 最高分辨率: 1280x720, 平均帧率: 25.00, 视频编解码器: h264, 音频编解码器: aac
分类: 🎬电影频道, 名称: 东方影视, 有效: 3, IPv4: 12, IPv6: 0, 最小延迟: 8348 ms, 最高速率: 8.63 M/s, 平均速率: 4.13 M/s, 最高分辨率: 1920x1080, 平均帧率: 25.00, 视频编解码器: h264, 音频编解码器: mp2
分类: 🏀体育频道, 名称: 福建体育, 有效: 0, IPv4: 1, IPv6: 0, 最小延迟: -1 ms, 最高速率: 0.00 M/s, 平均速率: 0.00 M/s, 最高分辨率: None, 平均帧率: 未知, 视频编解码器: 未知, 音频编解码器: 未知
分类: 🎬电影频道, 名称: 南宁影视, 有效: 1, IPv4: 7, IPv6: 0, 最小延迟: 1343 ms, 最高速率: 0.33 M/s, 平均速率: 0.33 M/s, 最高分辨率: 1280x720, 平均帧率: 25.00, 视频编解码器: h264, 音频编解码器: aac
分类: 🎬电影频道, 名称: 浙江教科影视, 有效: 0, IPv4: 5, IPv6: 0, 最小延迟: 1049 ms, 最高速率: 0.38 M/s, 平均速率: 0.00 M/s, 最高分辨率: 1920x1080, 平均帧率: 25.00, 视频编解码器: h264, 音频编解码器: aac
分类: 🎬电影频道, 名称: 浙江影视, 有效: 0, IPv4: 1, IPv6: 0, 最小延迟: 1893 ms, 最高速率: 0.50 M/s, 平均速率: 0.00 M/s, 最高分辨率: 1920x1080, 平均帧率: 25.00, 视频编解码器: h264, 音频编解码器: aac
分类: 🎬电影频道, 名称: 新昌休闲影视, 有效: 0, IPv4: 1, IPv6: 0, 最小延迟: 1502 ms, 最高速率: 0.18 M/s, 平均速率: 0.00 M/s, 最高分辨率: 1920x1080, 平均帧率: 25.00, 视频编解码器: h264, 音频编解码器: aac
分类: 🏀体育频道, 名称: 江苏体育, 有效: 0, IPv4: 10, IPv6: 0, 最小延迟: -1 ms, 最高速率: 0.00 M/s, 平均速率: 0.00 M/s, 最高分辨率: None, 平均帧率: 未知, 视频编解码器: 未知, 音频编解码器: 未知
分类: 🏀体育频道, 名称: 陕西体育休闲, 有效: 0, IPv4: 1, IPv6: 0, 最小延迟: -1 ms, 最高速率: 0.00 M/s, 平均速率: 0.00 M/s, 最高分辨率: None, 平均帧率: 未知, 视频编解码器: 未知, 音频编解码器: 未知
分类: 🏀体育频道, 名称: 睛彩羽毛球, 有效: 0, IPv4: 2, IPv6: 0, 最小延迟: -1 ms, 最高速率: 0.00 M/s, 平均速率: 0.00 M/s, 最高分辨率: None, 平均帧率: 未知, 视频编解码器: 未知, 音频编解码器: 未知
分类: 🏀体育频道, 名称: 睛彩篮球, 有效: 0, IPv4: 13, IPv6: 0, 最小延迟: 1076 ms, 最高速率: 0.19 M/s, 平均速率: 0.00 M/s, 最高分辨率: 1920x1080, 平均帧率: 25.00, 视频编解码器: h264, 音频编解码器: aac
分类: 🏀体育频道, 名称: 北京体育, 有效: 0, IPv4: 3, IPv6: 0, 最小延迟: 10388 ms, 最高速率: 0.03 M/s, 平均速率: 0.00 M/s, 最高分辨率: None, 平均帧率: 未知, 视频编解码器: 未知, 音频编解码器: 未知
分类: 🏀体育频道, 名称: 睛彩竞技, 有效: 0, IPv4: 11, IPv6: 0, 最小延迟: 1087 ms, 最高速率: 0.18 M/s, 平均速率: 0.00 M/s, 最高分辨率: 1920x1080, 平均帧率: 25.00, 视频编解码器: h264, 音频编解码器: aac
分类: 🏀体育频道, 名称: 安徽综艺体育, 有效: 0, IPv4: 3, IPv6: 0, 最小延迟: 10543 ms, 最高速率: 0.11 M/s, 平均速率: 0.00 M/s, 最高分辨率: 1920x1080, 平均帧率: 25.00, 视频编解码器: h264, 音频编解码器: mp2
分类: 🏀体育频道, 名称: 天津体育, 有效: 1, IPv4: 4, IPv6: 0, 最小延迟: 278 ms, 最高速率: 5.01 M/s, 平均速率: 5.01 M/s, 最高分辨率: 1280x720, 平均帧率: 25.00, 视频编解码器: h264, 音频编解码器: aac
分类: 🏀体育频道, 名称: 睛彩青少, 有效: 0, IPv4: 10, IPv6: 0, 最小延迟: 1076 ms, 最高速率: 0.21 M/s, 平均速率: 0.00 M/s, 最高分辨率: 1920x1080, 平均帧率: 25.00, 视频编解码器: h264, 音频编解码器: aac
分类: 🏀体育频道, 名称: 魅力足球, 有效: 0, IPv4: 2, IPv6: 0, 最小延迟: -1 ms, 最高速率: 0.00 M/s, 平均速率: 0.00 M/s, 最高分辨率: None, 平均帧率: 未知, 视频编解码器: 未知, 音频编解码器: 未知
分类: 🏀体育频道, 名称: 足球频道, 有效: 0, IPv4: 4, IPv6: 0, 最小延迟: -1 ms, 最高速率: 0.00 M/s, 平均速率: 0.00 M/s, 最高分辨率: None, 平均帧率: 未知, 视频编解码器: 未知, 音频编解码器: 未知
分类: 🏀体育频道, 名称: 山东体育, 有效: 0, IPv4: 5, IPv6: 0, 最小延迟: 11 ms, 最高速率: 8.28 M/s, 平均速率: 0.00 M/s, 最高分辨率: None, 平均帧率: 未知, 视频编解码器: 未知, 音频编解码器: aac
分类: 🏀体育频道, 名称: 全民乒乓, 有效: 0, IPv4: 1, IPv6: 0, 最小延迟: -1 ms, 最高速率: 0.00 M/s, 平均速率: 0.00 M/s, 最高分辨率: None, 平均帧率: 未知, 视频编解码器: 未知, 音频编解码器: 未知
分类: 🏀体育频道, 名称: 睛彩广场舞, 有效: 0, IPv4: 17, IPv6: 0, 最小延迟: 1803 ms, 最高速率: 0.15 M/s, 平均速率: 0.00 M/s, 最高分辨率: 1920x1080, 平均帧率: 25.00, 视频编解码器: h264, 音频编解码器: aac
分类: 🏀体育频道, 名称: 天元围棋, 有效: 3, IPv4: 9, IPv6: 0, 最小延迟: 10 ms, 最高速率: 149.62 M/s, 平均速率: 55.72 M/s, 最高分辨率: 1920x1080, 平均帧率: 26.67, 视频编解码器: h264, 音频编解码器: aac
分类: 🏀体育频道, 名称: 体育赛事, 有效: 0, IPv4: 2, IPv6: 0, 最小延迟: -1 ms, 最高速率: 0.00 M/s, 平均速率: 0.00 M/s, 最高分辨率: None, 平均帧率: 未知, 视频编解码器: 未知, 音频编解码器: 未知
分类: 🏀体育频道, 名称: IHOT爱体育, 有效: 0, IPv4: 3, IPv6: 0, 最小延迟: -1 ms, 最高速率: 0.00 M/s, 平均速率: 0.00 M/s, 最高分辨率: None, 平均帧率: 未知, 视频编解码器: 未知, 音频编解码器: 未知
分类: 🏀体育频道, 名称: 先锋乒羽, 有效: 0, IPv4: 4, IPv6: 0, 最小延迟: -1 ms, 最高速率: 0.00 M/s, 平均速率: 0.00 M/s, 最高分辨率: None, 平均帧率: 未知, 视频编解码器: 未知, 音频编解码器: 未知
分类: 🏀体育频道, 名称: 辽宁体育, 有效: 0, IPv4: 4, IPv6: 0, 最小延迟: 10252 ms, 最高速率: 0.31 M/s, 平均速率: 0.00 M/s, 最高分辨率: 1920x1080, 平均帧率: 25.00, 视频编解码器: h264, 音频编解码器: aac
分类: 🏀体育频道, 名称: 体育休闲, 有效: 0, IPv4: 6, IPv6: 0, 最小延迟: -1 ms, 最高速率: 0.00 M/s, 平均速率: 0.00 M/s, 最高分辨率: None, 平均帧率: 未知, 视频编解码器: 未知, 音频编解码器: 未知
分类: 🏀体育频道, 名称: 超级体育, 有效: 0, IPv4: 5, IPv6: 0, 最小延迟: -1 ms, 最高速率: 0.00 M/s, 平均速率: 0.00 M/s, 最高分辨率: None, 平均帧率: 未知, 视频编解码器: 未知, 音频编解码器: 未知
分类: 🏀体育频道, 名称: 精品体育, 有效: 1, IPv4: 5, IPv6: 0, 最小延迟: 8 ms, 最高速率: 302.64 M/s, 平均速率: 302.64 M/s, 最高分辨率: 1440x1080, 平均帧率: 30.00, 视频编解码器: h264, 音频编解码器: aac
分类: 🏀体育频道, 名称: IHOT爱赛车, 有效: 0, IPv4: 1, IPv6: 0, 最小延迟: -1 ms, 最高速率: 0.00 M/s, 平均速率: 0.00 M/s, 最高分辨率: None, 平均帧率: 未知, 视频编解码器: 未知, 音频编解码器: 未知
分类: 🏀体育频道, 名称: 武搏世界, 有效: 0, IPv4: 4, IPv6: 0, 最小延迟: -1 ms, 最高速率: 0.00 M/s, 平均速率: 0.00 M/s, 最高分辨率: None, 平均帧率: 未知, 视频编解码器: 未知, 音频编解码器: 未知
分类: 🏀体育频道, 名称: 武术世界, 有效: 2, IPv4: 13, IPv6: 0, 最小延迟: 2407 ms, 最高速率: 0.77 M/s, 平均速率: 0.67 M/s, 最高分辨率: 1920x1080, 平均帧率: 25.00, 视频编解码器: h264, 音频编解码器: aac
分类: 🏀体育频道, 名称: 劲爆体育, 有效: 1, IPv4: 4, IPv6: 0, 最小延迟: 8078 ms, 最高速率: 0.83 M/s, 平均速率: 0.83 M/s, 最高分辨率: 1920x1080, 平均帧率: 50.00, 视频编解码器: h264, 音频编解码器: mp2
分类: 🏀体育频道, 名称: 五星体育, 有效: 1, IPv4: 15, IPv6: 0, 最小延迟: 1359 ms, 最高速率: 12.59 M/s, 平均速率: 12.59 M/s, 最高分辨率: 1920x1080, 平均帧率: 25.00, 视频编解码器: h264, 音频编解码器: aac
分类: 🏀体育频道, 名称: 电竞天堂, 有效: 0, IPv4: 1, IPv6: 0, 最小延迟: -1 ms, 最高速率: 0.00 M/s, 平均速率: 0.00 M/s, 最高分辨率: None, 平均帧率: 未知, 视频编解码器: 未知, 音频编解码器: 未知
分类: 🏀体育频道, 名称: 哒啵电竞, 有效: 0, IPv4: 1, IPv6: 0, 最小延迟: -1 ms, 最高速率: 0.00 M/s, 平均速率: 0.00 M/s, 最高分辨率: None, 平均帧率: 未知, 视频编解码器: 未知, 音频编解码器: 未知
分类: 🏀体育频道, 名称: 哒啵赛事, 有效: 0, IPv4: 4, IPv6: 0, 最小延迟: -1 ms, 最高速率: 0.00 M/s, 平均速率: 0.00 M/s, 最高分辨率: None, 平均帧率: 未知, 视频编解码器: 未知, 音频编解码器: 未知
分类: 🏀体育频道, 名称: DAZN2, 有效: 0, IPv4: 3, IPv6: 0, 最小延迟: -1 ms, 最高速率: 0.00 M/s, 平均速率: 0.00 M/s, 最高分辨率: None, 平均帧率: 未知, 视频编解码器: 未知, 音频编解码器: 未知
分类: 🏀体育频道, 名称: JJ斗地主, 有效: 0, IPv4: 6, IPv6: 0, 最小延迟: -1 ms, 最高速率: 0.00 M/s, 平均速率: 0.00 M/s, 最高分辨率: None, 平均帧率: 未知, 视频编解码器: 未知, 音频编解码器: 未知
分类: 🏀体育频道, 名称: Trace Sports, 有效: 1, IPv4: 1, IPv6: 0, 最小延迟: 300 ms, 最高速率: 12.22 M/s, 平均速率: 12.22 M/s, 最高分辨率: 1920x1080, 平均帧率: 25.00, 视频编解码器: h264, 音频编解码器: aac
分类: 🏀体育频道, 名称: J_SPORTS_4, 有效: 0, IPv4: 2, IPv6: 0, 最小延迟: -1 ms, 最高速率: 0.00 M/s, 平均速率: 0.00 M/s, 最高分辨率: None, 平均帧率: 未知, 视频编解码器: 未知, 音频编解码器: 未知
分类: 🏀体育频道, 名称: 快乐垂钓, 有效: 0, IPv4: 19, IPv6: 0, 最小延迟: 758 ms, 最高速率: 5.82 M/s, 平均速率: 0.00 M/s, 最高分辨率: 1920x1080, 平均帧率: 25.00, 视频编解码器: h264, 音频编解码器: aac
分类: 🪁少儿频道, 名称: 南京少儿, 有效: 0, IPv4: 2, IPv6: 0, 最小延迟: -1 ms, 最高速率: 0.00 M/s, 平均速率: 0.00 M/s, 最高分辨率: None, 平均帧率: 未知, 视频编解码器: 未知, 音频编解码器: 未知
分类: 🏀体育频道, 名称: 体坛名栏汇, 有效: 0, IPv4: 6, IPv6: 0, 最小延迟: -1 ms, 最高速率: 0.00 M/s, 平均速率: 0.00 M/s, 最高分辨率: None, 平均帧率: 未知, 视频编解码器: 未知, 音频编解码器: 未知
分类: 🏀体育频道, 名称: J_SPORTS_2, 有效: 0, IPv4: 2, IPv6: 0, 最小延迟: -1 ms, 最高速率: 0.00 M/s, 平均速率: 0.00 M/s, 最高分辨率: None, 平均帧率: 未知, 视频编解码器: 未知, 音频编解码器: 未知
分类: 🏀体育频道, 名称: J_SPORTS_3, 有效: 0, IPv4: 2, IPv6: 0, 最小延迟: -1 ms, 最高速率: 0.00 M/s, 平均速率: 0.00 M/s, 最高分辨率: None, 平均帧率: 未知, 视频编解码器: 未知, 音频编解码器: 未知
分类: 🏀体育频道, 名称: J_SPORTS_1, 有效: 0, IPv4: 2, IPv6: 0, 最小延迟: -1 ms, 最高速率: 0.00 M/s, 平均速率: 0.00 M/s, 最高分辨率: None, 平均帧率: 未知, 视频编解码器: 未知, 音频编解码器: 未知
分类: 🪁少儿频道, 名称: 内蒙古少儿, 有效: 0, IPv4: 3, IPv6: 0, 最小延迟: -1 ms, 最高速率: 0.00 M/s, 平均速率: 0.00 M/s, 最高分辨率: None, 平均帧率: 未知, 视频编解码器: 未知, 音频编解码器: 未知
分类: 🪁少儿频道, 名称: 福建少儿, 有效: 0, IPv4: 1, IPv6: 0, 最小延迟: -1 ms, 最高速率: 0.00 M/s, 平均速率: 0.00 M/s, 最高分辨率: None, 平均帧率: 未知, 视频编解码器: 未知, 音频编解码器: 未知
分类: 🪁少儿频道, 名称: 河北少儿科教, 有效: 0, IPv4: 2, IPv6: 0, 最小延迟: -1 ms, 最高速率: 0.00 M/s, 平均速率: 0.00 M/s, 最高分辨率: None, 平均帧率: 未知, 视频编解码器: 未知, 音频编解码器: 未知
分类: 🪁少儿频道, 名称: 霸州少儿频道, 有效: 0, IPv4: 1, IPv6: 0, 最小延迟: -1 ms, 最高速率: 0.00 M/s, 平均速率: 0.00 M/s, 最高分辨率: None, 平均帧率: 未知, 视频编解码器: 未知, 音频编解码器: 未知
分类: 🪁少儿频道, 名称: 武汉少儿频道, 有效: 0, IPv4: 2, IPv6: 0, 最小延迟: -1 ms, 最高速率: 0.00 M/s, 平均速率: 0.00 M/s, 最高分辨率: None, 平均帧率: 未知, 视频编解码器: 未知, 音频编解码器: 未知
分类: 🪁少儿频道, 名称: 浙江少儿, 有效: 1, IPv4: 8, IPv6: 0, 最小延迟: 1030 ms, 最高速率: 0.75 M/s, 平均速率: 0.75 M/s, 最高分辨率: 1920x1080, 平均帧率: 25.00, 视频编解码器: h264, 音频编解码器: aac
分类: 🪁少儿频道, 名称: 黑龙江少儿, 有效: 0, IPv4: 3, IPv6: 0, 最小延迟: 10302 ms, 最高速率: 0.10 M/s, 平均速率: 0.00 M/s, 最高分辨率: 720x576, 平均帧率: 25.00, 视频编解码器: mpeg2video, 音频编解码器: mp2
分类: 🏀体育频道, 名称: 四海钓鱼, 有效: 0, IPv4: 18, IPv6: 0, 最小延迟: 10563 ms, 最高速率: 0.00 M/s, 平均速率: 0.00 M/s, 最高分辨率: None, 平均帧率: 未知, 视频编解码器: 未知, 音频编解码器: 未知
分类: 🪁少儿频道, 名称: 山东少儿, 有效: 0, IPv4: 2, IPv6: 0, 最小延迟: 10654 ms, 最高速率: 0.00 M/s, 平均速率: 0.00 M/s, 最高分辨率: None, 平均帧率: 未知, 视频编解码器: 未知, 音频编解码器: 未知
分类: 🪁少儿频道, 名称: 爱动漫, 有效: 0, IPv4: 2, IPv6: 0, 最小延迟: -1 ms, 最高速率: 0.00 M/s, 平均速率: 0.00 M/s, 最高分辨率: None, 平均帧率: 未知, 视频编解码器: 未知, 音频编解码器: 未知
分类: 🪁少儿频道, 名称: 新动漫, 有效: 0, IPv4: 9, IPv6: 0, 最小延迟: -1 ms, 最高速率: 0.00 M/s, 平均速率: 0.00 M/s, 最高分辨率: None, 平均帧率: 未知, 视频编解码器: 未知, 音频编解码器: 未知
分类: 🪁少儿频道, 名称: 动漫秀场, 有效: 1, IPv4: 22, IPv6: 0, 最小延迟: 2451 ms, 最高速率: 3.13 M/s, 平均速率: 3.13 M/s, 最高分辨率: 1920x1080, 平均帧率: 37.50, 视频编解码器: h264, 音频编解码器: mp2
分类: 🪁少儿频道, 名称: CN卡通, 有效: 0, IPv4: 3, IPv6: 0, 最小延迟: -1 ms, 最高速率: 0.00 M/s, 平均速率: 0.00 M/s, 最高分辨率: None, 平均帧率: 未知, 视频编解码器: 未知, 音频编解码器: 未知
分类: 🪁少儿频道, 名称: 卡酷动画, 有效: 0, IPv4: 5, IPv6: 0, 最小延迟: 10019 ms, 最高速率: 0.06 M/s, 平均速率: 0.00 M/s, 最高分辨率: 720x576, 平均帧率: 25.00, 视频编解码器: h264, 音频编解码器: mp2
分类: 🪁少儿频道, 名称: 优漫卡通, 有效: 0, IPv4: 26, IPv6: 0, 最小延迟: 414 ms, 最高速率: 6.32 M/s, 平均速率: 0.00 M/s, 最高分辨率: 720x576, 平均帧率: 25.00, 视频编解码器: h264, 音频编解码器: aac
分类: 🪁少儿频道, 名称: 少儿动画, 有效: 0, IPv4: 14, IPv6: 0, 最小延迟: 10818 ms, 最高速率: 0.00 M/s, 平均速率: 0.00 M/s, 最高分辨率: None, 平均帧率: 未知, 视频编解码器: 未知, 音频编解码器: 未知
分类: 🪁少儿频道, 名称: 卡酷少儿, 有效: 1, IPv4: 24, IPv6: 0, 最小延迟: 1516 ms, 最高速率: 0.64 M/s, 平均速率: 0.64 M/s, 最高分辨率: 1920x1080, 平均帧率: 25.00, 视频编解码器: h264, 音频编解码器: aac
分类: 🪁少儿频道, 名称: NewTV黑莓动画, 有效: 0, IPv4: 10, IPv6: 0, 最小延迟: -1 ms, 最高速率: 0.00 M/s, 平均速率: 0.00 M/s, 最高分辨率: None, 平均帧率: 未知, 视频编解码器: 未知, 音频编解码器: 未知
分类: 🪁少儿频道, 名称: 炫动卡通, 有效: 0, IPv4: 4, IPv6: 0, 最小延迟: -1 ms, 最高速率: 0.00 M/s, 平均速率: 0.00 M/s, 最高分辨率: None, 平均帧率: 未知, 视频编解码器: 未知, 音频编解码器: 未知
分类: 🪁少儿频道, 名称: 哆啦A梦, 有效: 0, IPv4: 1, IPv6: 0, 最小延迟: -1 ms, 最高速率: 0.00 M/s, 平均速率: 0.00 M/s, 最高分辨率: None, 平均帧率: 未知, 视频编解码器: 未知, 音频编解码器: 未知
分类: 🪁少儿频道, 名称: 蜡笔小新, 有效: 0, IPv4: 2, IPv6: 0, 最小延迟: -1 ms, 最高速率: 0.00 M/s, 平均速率: 0.00 M/s, 最高分辨率: None, 平均帧率: 未知, 视频编解码器: 未知, 音频编解码器: 未知
分类: 🪁少儿频道, 名称: 灌篮高手, 有效: 0, IPv4: 1, IPv6: 0, 最小延迟: -1 ms, 最高速率: 0.00 M/s, 平均速率: 0.00 M/s, 最高分辨率: None, 平均帧率: 未知, 视频编解码器: 未知, 音频编解码器: 未知
分类: 🪁少儿频道, 名称: 七龙珠, 有效: 0, IPv4: 2, IPv6: 0, 最小延迟: -1 ms, 最高速率: 0.00 M/s, 平均速率: 0.00 M/s, 最高分辨率: None, 平均帧率: 未知, 视频编解码器: 未知, 音频编解码器: 未知
分类: 🪁少儿频道, 名称: 火影忍者, 有效: 0, IPv4: 1, IPv6: 0, 最小延迟: -1 ms, 最高速率: 0.00 M/s, 平均速率: 0.00 M/s, 最高分辨率: None, 平均帧率: 未知, 视频编解码器: 未知, 音频编解码器: 未知
分类: 🎮游戏频道, 名称: 游戏风云, 有效: 0, IPv4: 4, IPv6: 0, 最小延迟: -1 ms, 最高速率: 0.00 M/s, 平均速率: 0.00 M/s, 最高分辨率: None, 平均帧率: 未知, 视频编解码器: 未知, 音频编解码器: 未知
分类: 🔢数字频道, 名称: 华数4K, 有效: 0, IPv4: 3, IPv6: 0, 最小延迟: -1 ms, 最高速率: 0.00 M/s, 平均速率: 0.00 M/s, 最高分辨率: None, 平均帧率: 未知, 视频编解码器: 未知, 音频编解码器: 未知
分类: 🎮游戏频道, 名称: 游戏竞技, 有效: 0, IPv4: 2, IPv6: 0, 最小延迟: -1 ms, 最高速率: 0.00 M/s, 平均速率: 0.00 M/s, 最高分辨率: None, 平均帧率: 未知, 视频编解码器: 未知, 音频编解码器: 未知
分类: 🪁少儿频道, 名称: 韩国EBS少儿频道, 有效: 0, IPv4: 1, IPv6: 0, 最小延迟: 1726 ms, 最高速率: 0.48 M/s, 平均速率: 0.00 M/s, 最高分辨率: 640x360, 平均帧率: 29.97, 视频编解码器: h264, 音频编解码器: aac
分类: 🪁少儿频道, 名称: 中华小当家, 有效: 0, IPv4: 1, IPv6: 0, 最小延迟: 363 ms, 最高速率: 0.00 M/s, 平均速率: 0.00 M/s, 最高分辨率: None, 平均帧率: 未知, 视频编解码器: 未知, 音频编解码器: 未知
分类: 🎵音乐频道, 名称: 音乐现场, 有效: 0, IPv4: 3, IPv6: 0, 最小延迟: -1 ms, 最高速率: 0.00 M/s, 平均速率: 0.00 M/s, 最高分辨率: None, 平均帧率: 未知, 视频编解码器: 未知, 音频编解码器: 未知
分类: 🎵音乐频道, 名称: 音乐调频广播, 有效: 0, IPv4: 1, IPv6: 0, 最小延迟: -1 ms, 最高速率: 0.00 M/s, 平均速率: 0.00 M/s, 最高分辨率: None, 平均帧率: 未知, 视频编解码器: 未知, 音频编解码器: 未知
分类: 🔢数字频道, 名称: 书画频道, 有效: 0, IPv4: 3, IPv6: 0, 最小延迟: -1 ms, 最高速率: 0.00 M/s, 平均速率: 0.00 M/s, 最高分辨率: None, 平均帧率: 未知, 视频编解码器: 未知, 音频编解码器: 未知
分类: 🔢数字频道, 名称: 国学频道, 有效: 0, IPv4: 3, IPv6: 0, 最小延迟: 389 ms, 最高速率: 9.86 M/s, 平均速率: 0.00 M/s, 最高分辨率: 720x576, 平均帧率: 25.00, 视频编解码器: h264, 音频编解码器: aac
分类: 🔢数字频道, 名称: 纯享4K, 有效: 0, IPv4: 5, IPv6: 0, 最小延迟: -1 ms, 最高速率: 0.00 M/s, 平均速率: 0.00 M/s, 最高分辨率: None, 平均帧率: 未知, 视频编解码器: 未知, 音频编解码器: 未知
分类: 🔢数字频道, 名称: 爱上4K, 有效: 0, IPv4: 4, IPv6: 0, 最小延迟: -1 ms, 最高速率: 0.00 M/s, 平均速率: 0.00 M/s, 最高分辨率: None, 平均帧率: 未知, 视频编解码器: 未知, 音频编解码器: 未知
分类: 🪁少儿频道, 名称: 金鹰卡通, 有效: 2, IPv4: 81, IPv6: 0, 最小延迟: 402 ms, 最高速率: 4.36 M/s, 平均速率: 1.12 M/s, 最高分辨率: 1920x1080, 平均帧率: 40.62, 视频编解码器: h264, 音频编解码器: mp2
分类: 🪁少儿频道, 名称: 哈哈炫动, 有效: 2, IPv4: 27, IPv6: 0, 最小延迟: 394 ms, 最高速率: 6.98 M/s, 平均速率: 5.99 M/s, 最高分辨率: 1920x1080, 平均帧率: 25.00, 视频编解码器: h264, 音频编解码器: mp2
分类: 🎵音乐频道, 名称: 潮流音乐, 有效: 0, IPv4: 1, IPv6: 0, 最小延迟: 5232 ms, 最高速率: 0.01 M/s, 平均速率: 0.00 M/s, 最高分辨率: None, 平均帧率: 未知, 视频编解码器: 未知, 音频编解码器: 未知
分类: 🔢数字频道, 名称: 茶友频道, 有效: 0, IPv4: 15, IPv6: 0, 最小延迟: 1130 ms, 最高速率: 0.49 M/s, 平均速率: 0.00 M/s, 最高分辨率: 640x360, 平均帧率: 25.00, 视频编解码器: h264, 音频编解码器: aac
分类: 🔢数字频道, 名称: 梨园频道, 有效: 0, IPv4: 6, IPv6: 0, 最小延迟: 1808 ms, 最高速率: 0.35 M/s, 平均速率: 0.00 M/s, 最高分辨率: 1920x1080, 平均帧率: 37.50, 视频编解码器: h264, 音频编解码器: aac
分类: 🔢SITV, 名称: 法治天地, 有效: 0, IPv4: 12, IPv6: 0, 最小延迟: 263 ms, 最高速率: 0.00 M/s, 平均速率: 0.00 M/s, 最高分辨率: None, 平均帧率: 未知, 视频编解码器: 未知, 音频编解码器: 未知
分类: 🔢SITV, 名称: 七彩戏剧, 有效: 0, IPv4: 2, IPv6: 0, 最小延迟: -1 ms, 最高速率: 0.00 M/s, 平均速率: 0.00 M/s, 最高分辨率: None, 平均帧率: 未知, 视频编解码器: 未知, 音频编解码器: 未知
分类: 🔢数字频道, 名称: 环球旅游, 有效: 0, IPv4: 9, IPv6: 0, 最小延迟: 10289 ms, 最高速率: 0.00 M/s, 平均速率: 0.00 M/s, 最高分辨率: None, 平均帧率: 未知, 视频编解码器: 未知, 音频编解码器: 未知
分类: 🔢SITV, 名称: 欢笑剧场, 有效: 0, IPv4: 16, IPv6: 0, 最小延迟: -1 ms, 最高速率: 0.00 M/s, 平均速率: 0.00 M/s, 最高分辨率: None, 平均帧率: 未知, 视频编解码器: 未知, 音频编解码器: 未知
分类: 🔢SITV, 名称: 生活时尚, 有效: 0, IPv4: 10, IPv6: 0, 最小延迟: 4323 ms, 最高速率: 3.10 M/s, 平均速率: 0.00 M/s, 最高分辨率: None, 平均帧率: 未知, 视频编解码器: 未知, 音频编解码器: 未知
分类: 🔢数字频道, 名称: 重温经典, 有效: 2, IPv4: 16, IPv6: 0, 最小延迟: 248 ms, 最高速率: 7.73 M/s, 平均速率: 5.28 M/s, 最高分辨率: 1920x1080, 平均帧率: 31.25, 视频编解码器: h264, 音频编解码器: aac
分类: 🔢SITV, 名称: 乐游频道, 有效: 1, IPv4: 12, IPv6: 0, 最小延迟: 4486 ms, 最高速率: 2.67 M/s, 平均速率: 2.67 M/s, 最高分辨率: 1920x1080, 平均帧率: 25.00, 视频编解码器: h264, 音频编解码器: mp2
分类: 🔢数字频道, 名称: 金鹰纪实, 有效: 0, IPv4: 12, IPv6: 0, 最小延迟: 535 ms, 最高速率: 1.25 M/s, 平均速率: 0.00 M/s, 最高分辨率: 1920x1080, 平均帧率: 25.00, 视频编解码器: h264, 音频编解码器: aac
分类: 🔢SITV, 名称: 东方财经, 有效: 0, IPv4: 5, IPv6: 0, 最小延迟: 824 ms, 最高速率: 0.00 M/s, 平均速率: 0.00 M/s, 最高分辨率: None, 平均帧率: 未知, 视频编解码器: 未知, 音频编解码器: 未知
分类: 🔢SITV, 名称: 全纪实, 有效: 0, IPv4: 2, IPv6: 0, 最小延迟: -1 ms, 最高速率: 0.00 M/s, 平均速率: 0.00 M/s, 最高分辨率: None, 平均帧率: 未知, 视频编解码器: 未知, 音频编解码器: 未知
分类: 🔢SITV, 名称: 金色学堂, 有效: 0, IPv4: 6, IPv6: 0, 最小延迟: -1 ms, 最高速率: 0.00 M/s, 平均速率: 0.00 M/s, 最高分辨率: None, 平均帧率: 未知, 视频编解码器: 未知, 音频编解码器: 未知
分类: 🔢BesTV百视, 名称: 健康养生, 有效: 0, IPv4: 1, IPv6: 0, 最小延迟: -1 ms, 最高速率: 0.00 M/s, 平均速率: 0.00 M/s, 最高分辨率: None, 平均帧率: 未知, 视频编解码器: 未知, 音频编解码器: 未知
分类: 🔢BesTV百视, 名称: 谍战剧场, 有效: 0, IPv4: 14, IPv6: 0, 最小延迟: -1 ms, 最高速率: 0.00 M/s, 平均速率: 0.00 M/s, 最高分辨率: None, 平均帧率: 未知, 视频编解码器: 未知, 音频编解码器: 未知
分类: 🔢NewTV, 名称: 精品综合, 有效: 1, IPv4: 2, IPv6: 0, 最小延迟: 8 ms, 最高速率: 335.26 M/s, 平均速率: 335.26 M/s, 最高分辨率: 1440x1080, 平均帧率: 30.00, 视频编解码器: h264, 音频编解码器: aac
分类: 🔢NewTV, 名称: 超级电影, 有效: 0, IPv4: 5, IPv6: 0, 最小延迟: -1 ms, 最高速率: 0.00 M/s, 平均速率: 0.00 M/s, 最高分辨率: None, 平均帧率: 未知, 视频编解码器: 未知, 音频编解码器: 未知
分类: 🔢NewTV, 名称: 中国功夫, 有效: 1, IPv4: 6, IPv6: 0, 最小延迟: 8 ms, 最高速率: 306.68 M/s, 平均速率: 306.68 M/s, 最高分辨率: 1440x1080, 平均帧率: 30.00, 视频编解码器: h264, 音频编解码器: aac
分类: 🔢SITV, 名称: 都市剧场, 有效: 1, IPv4: 18, IPv6: 0, 最小延迟: 19 ms, 最高速率: 9.96 M/s, 平均速率: 9.96 M/s, 最高分辨率: 1920x1080, 平均帧率: 25.00, 视频编解码器: h264, 音频编解码器: aac
分类: 🔢NewTV, 名称: 超级电视剧, 有效: 0, IPv4: 4, IPv6: 0, 最小延迟: -1 ms, 最高速率: 0.00 M/s, 平均速率: 0.00 M/s, 最高分辨率: None, 平均帧率: 未知, 视频编解码器: 未知, 音频编解码器: 未知
分类: 🔢NewTV, 名称: 东北热剧, 有效: 0, IPv4: 3, IPv6: 0, 最小延迟: -1 ms, 最高速率: 0.00 M/s, 平均速率: 0.00 M/s, 最高分辨率: None, 平均帧率: 未知, 视频编解码器: 未知, 音频编解码器: 未知
分类: 🔢NewTV, 名称: 欢乐剧场, 有效: 0, IPv4: 4, IPv6: 0, 最小延迟: -1 ms, 最高速率: 0.00 M/s, 平均速率: 0.00 M/s, 最高分辨率: None, 平均帧率: 未知, 视频编解码器: 未知, 音频编解码器: 未知
分类: 🔢NewTV, 名称: 家庭剧场, 有效: 1, IPv4: 8, IPv6: 0, 最小延迟: 8 ms, 最高速率: 280.49 M/s, 平均速率: 280.49 M/s, 最高分辨率: 1440x1080, 平均帧率: 30.00, 视频编解码器: h264, 音频编解码器: aac
分类: 🔢NewTV, 名称: 热播精选, 有效: 1, IPv4: 1, IPv6: 0, 最小延迟: 9 ms, 最高速率: 273.34 M/s, 平均速率: 273.34 M/s, 最高分辨率: 1440x1080, 平均帧率: 30.00, 视频编解码器: h264, 音频编解码器: aac
分类: 🔢NewTV, 名称: 古装剧场, 有效: 1, IPv4: 6, IPv6: 0, 最小延迟: 6 ms, 最高速率: 347.28 M/s, 平均速率: 347.28 M/s, 最高分辨率: 1440x1080, 平均帧率: 30.00, 视频编解码器: h264, 音频编解码器: aac
分类: 🔢NewTV, 名称: 精品纪录, 有效: 0, IPv4: 2, IPv6: 0, 最小延迟: -1 ms, 最高速率: 0.00 M/s, 平均速率: 0.00 M/s, 最高分辨率: None, 平均帧率: 未知, 视频编解码器: 未知, 音频编解码器: 未知
分类: 🔢NewTV, 名称: 军旅剧场, 有效: 1, IPv4: 10, IPv6: 0, 最小延迟: 8 ms, 最高速率: 322.78 M/s, 平均速率: 322.78 M/s, 最高分辨率: 1440x1080, 平均帧率: 30.00, 视频编解码器: h264, 音频编解码器: aac
分类: 🔢NewTV, 名称: 精品萌宠, 有效: 0, IPv4: 1, IPv6: 0, 最小延迟: -1 ms, 最高速率: 0.00 M/s, 平均速率: 0.00 M/s, 最高分辨率: None, 平均帧率: 未知, 视频编解码器: 未知, 音频编解码器: 未知
分类: 🔢NewTV, 名称: 精品大剧, 有效: 1, IPv4: 6, IPv6: 0, 最小延迟: 8 ms, 最高速率: 298.75 M/s, 平均速率: 298.75 M/s, 最高分辨率: 1440x1080, 平均帧率: 30.00, 视频编解码器: h264, 音频编解码器: aac
分类: 🔢NewTV, 名称: 爱情喜剧, 有效: 1, IPv4: 6, IPv6: 0, 最小延迟: 8 ms, 最高速率: 302.85 M/s, 平均速率: 302.85 M/s, 最高分辨率: 1440x1080, 平均帧率: 30.00, 视频编解码器: h264, 音频编解码器: aac
分类: 🔢NewTV, 名称: 农业致富, 有效: 1, IPv4: 3, IPv6: 0, 最小延迟: 10 ms, 最高速率: 256.74 M/s, 平均速率: 256.74 M/s, 最高分辨率: 1440x1080, 平均帧率: 30.00, 视频编解码器: h264, 音频编解码器: aac
分类: 🔢NewTV, 名称: 明星大片, 有效: 0, IPv4: 4, IPv6: 0, 最小延迟: -1 ms, 最高速率: 0.00 M/s, 平均速率: 0.00 M/s, 最高分辨率: None, 平均帧率: 未知, 视频编解码器: 未知, 音频编解码器: 未知
分类: 🔢NewTV, 名称: 魅力潇湘, 有效: 0, IPv4: 1, IPv6: 0, 最小延迟: -1 ms, 最高速率: 0.00 M/s, 平均速率: 0.00 M/s, 最高分辨率: None, 平均帧率: 未知, 视频编解码器: 未知, 音频编解码器: 未知
分类: 🔢NewTV, 名称: 全民热练, 有效: 0, IPv4: 1, IPv6: 0, 最小延迟: -1 ms, 最高速率: 0.00 M/s, 平均速率: 0.00 M/s, 最高分辨率: None, 平均帧率: 未知, 视频编解码器: 未知, 音频编解码器: 未知
分类: 🔢NewTV, 名称: 军事评论, 有效: 1, IPv4: 5, IPv6: 0, 最小延迟: 9 ms, 最高速率: 240.71 M/s, 平均速率: 240.71 M/s, 最高分辨率: 1440x1080, 平均帧率: 30.00, 视频编解码器: h264, 音频编解码器: aac
分类: 🔢NewTV, 名称: 怡伴健康, 有效: 0, IPv4: 2, IPv6: 0, 最小延迟: -1 ms, 最高速率: 0.00 M/s, 平均速率: 0.00 M/s, 最高分辨率: None, 平均帧率: 未知, 视频编解码器: 未知, 音频编解码器: 未知
分类: 🔢IHOT, 名称: 爱科幻, 有效: 0, IPv4: 1, IPv6: 0, 最小延迟: -1 ms, 最高速率: 0.00 M/s, 平均速率: 0.00 M/s, 最高分辨率: None, 平均帧率: 未知, 视频编解码器: 未知, 音频编解码器: 未知
分类: 🔢IHOT, 名称: 爱喜剧, 有效: 0, IPv4: 1, IPv6: 0, 最小延迟: -1 ms, 最高速率: 0.00 M/s, 平均速率: 0.00 M/s, 最高分辨率: None, 平均帧率: 未知, 视频编解码器: 未知, 音频编解码器: 未知
分类: 🔢IHOT, 名称: 爱院线, 有效: 0, IPv4: 1, IPv6: 0, 最小延迟: -1 ms, 最高速率: 0.00 M/s, 平均速率: 0.00 M/s, 最高分辨率: None, 平均帧率: 未知, 视频编解码器: 未知, 音频编解码器: 未知
分类: 🔢IHOT, 名称: 爱浪漫, 有效: 0, IPv4: 1, IPv6: 0, 最小延迟: -1 ms, 最高速率: 0.00 M/s, 平均速率: 0.00 M/s, 最高分辨率: None, 平均帧率: 未知, 视频编解码器: 未知, 音频编解码器: 未知
分类: 🔢IHOT, 名称: 爱谍战, 有效: 0, IPv4: 1, IPv6: 0, 最小延迟: -1 ms, 最高速率: 0.00 M/s, 平均速率: 0.00 M/s, 最高分辨率: None, 平均帧率: 未知, 视频编解码器: 未知, 音频编解码器: 未知
分类: 🔢IHOT, 名称: 爱悬疑, 有效: 0, IPv4: 1, IPv6: 0, 最小延迟: -1 ms, 最高速率: 0.00 M/s, 平均速率: 0.00 M/s, 最高分辨率: None, 平均帧率: 未知, 视频编解码器: 未知, 音频编解码器: 未知
分类: 🔢IHOT, 名称: 爱历史, 有效: 0, IPv4: 1, IPv6: 0, 最小延迟: -1 ms, 最高速率: 0.00 M/s, 平均速率: 0.00 M/s, 最高分辨率: None, 平均帧率: 未知, 视频编解码器: 未知, 音频编解码器: 未知
分类: 🔢IHOT, 名称: 爱科学, 有效: 0, IPv4: 1, IPv6: 0, 最小延迟: -1 ms, 最高速率: 0.00 M/s, 平均速率: 0.00 M/s, 最高分辨率: None, 平均帧率: 未知, 视频编解码器: 未知, 音频编解码器: 未知
分类: 🔢IHOT, 名称: 爱旅行, 有效: 0, IPv4: 1, IPv6: 0, 最小延迟: -1 ms, 最高速率: 0.00 M/s, 平均速率: 0.00 M/s, 最高分辨率: None, 平均帧率: 未知, 视频编解码器: 未知, 音频编解码器: 未知
分类: 🔢IHOT, 名称: 爱奇谈, 有效: 0, IPv4: 1, IPv6: 0, 最小延迟: -1 ms, 最高速率: 0.00 M/s, 平均速率: 0.00 M/s, 最高分辨率: None, 平均帧率: 未知, 视频编解码器: 未知, 音频编解码器: 未知
分类: 🔢IHOT, 名称: 爱玩具, 有效: 0, IPv4: 1, IPv6: 0, 最小延迟: -1 ms, 最高速率: 0.00 M/s, 平均速率: 0.00 M/s, 最高分辨率: None, 平均帧率: 未知, 视频编解码器: 未知, 音频编解码器: 未知
分类: 🔢NewTV, 名称: 超级综艺, 有效: 0, IPv4: 1, IPv6: 0, 最小延迟: -1 ms, 最高速率: 0.00 M/s, 平均速率: 0.00 M/s, 最高分辨率: None, 平均帧率: 未知, 视频编解码器: 未知, 音频编解码器: 未知
分类: 🔢NewTV, 名称: 金牌综艺, 有效: 0, IPv4: 5, IPv6: 0, 最小延迟: -1 ms, 最高速率: 0.00 M/s, 平均速率: 0.00 M/s, 最高分辨率: None, 平均帧率: 未知, 视频编解码器: 未知, 音频编解码器: 未知
分类: 🔢IHOT, 名称: 求索生活, 有效: 0, IPv4: 1, IPv6: 0, 最小延迟: -1 ms, 最高速率: 0.00 M/s, 平均速率: 0.00 M/s, 最高分辨率: None, 平均帧率: 未知, 视频编解码器: 未知, 音频编解码器: 未知
分类: 🔢NewTV, 名称: 潮妈辣婆, 有效: 1, IPv4: 3, IPv6: 0, 最小延迟: 11 ms, 最高速率: 256.94 M/s, 平均速率: 256.94 M/s, 最高分辨率: 1440x1080, 平均帧率: 30.00, 视频编解码器: h264, 音频编解码器: aac
分类: 🔢IHOT, 名称: 求索动物, 有效: 0, IPv4: 1, IPv6: 0, 最小延迟: -1 ms, 最高速率: 0.00 M/s, 平均速率: 0.00 M/s, 最高分辨率: None, 平均帧率: 未知, 视频编解码器: 未知, 音频编解码器: 未知
分类: 🔢IHOT, 名称: 求索科学, 有效: 0, IPv4: 1, IPv6: 0, 最小延迟: -1 ms, 最高速率: 0.00 M/s, 平均速率: 0.00 M/s, 最高分辨率: None, 平均帧率: 未知, 视频编解码器: 未知, 音频编解码器: 未知
分类: 🔢NewTV, 名称: 炫舞未来, 有效: 1, IPv4: 3, IPv6: 0, 最小延迟: 7 ms, 最高速率: 356.96 M/s, 平均速率: 356.96 M/s, 最高分辨率: 1440x1080, 平均帧率: 30.00, 视频编解码器: h264, 音频编解码器: aac
分类: 🔢IHOT, 名称: 求索纪录, 有效: 0, IPv4: 3, IPv6: 0, 最小延迟: -1 ms, 最高速率: 0.00 M/s, 平均速率: 0.00 M/s, 最高分辨率: None, 平均帧率: 未知, 视频编解码器: 未知, 音频编解码器: 未知
分类: 🔀平台轮播, 名称: 周星驰, 有效: 0, IPv4: 2, IPv6: 0, 最小延迟: -1 ms, 最高速率: 0.00 M/s, 平均速率: 0.00 M/s, 最高分辨率: None, 平均帧率: 未知, 视频编解码器: 未知, 音频编解码器: 未知
分类: 🔢IHOT, 名称: 精彩影视, 有效: 0, IPv4: 4, IPv6: 0, 最小延迟: -1 ms, 最高速率: 0.00 M/s, 平均速率: 0.00 M/s, 最高分辨率: None, 平均帧率: 未知, 视频编解码器: 未知, 音频编解码器: 未知
分类: 🎽咪视界直播, 名称: 晴彩青少, 有效: 0, IPv4: 1, IPv6: 0, 最小延迟: -1 ms, 最高速率: 0.00 M/s, 平均速率: 0.00 M/s, 最高分辨率: None, 平均帧率: 未知, 视频编解码器: 未知, 音频编解码器: 未知
分类: 🔀平台轮播, 名称: 沈腾, 有效: 0, IPv4: 1, IPv6: 0, 最小延迟: -1 ms, 最高速率: 0.00 M/s, 平均速率: 0.00 M/s, 最高分辨率: None, 平均帧率: 未知, 视频编解码器: 未知, 音频编解码器: 未知
分类: 🔀平台轮播, 名称: 电影_英叔, 有效: 0, IPv4: 2, IPv6: 0, 最小延迟: -1 ms, 最高速率: 0.00 M/s, 平均速率: 0.00 M/s, 最高分辨率: None, 平均帧率: 未知, 视频编解码器: 未知, 音频编解码器: 未知
分类: 🎽咪视界直播, 名称: 晴彩竞技, 有效: 0, IPv4: 4, IPv6: 0, 最小延迟: -1 ms, 最高速率: 0.00 M/s, 平均速率: 0.00 M/s, 最高分辨率: None, 平均帧率: 未知, 视频编解码器: 未知, 音频编解码器: 未知
分类: 🎽咪视界直播, 名称: 晴彩篮球, 有效: 0, IPv4: 4, IPv6: 0, 最小延迟: -1 ms, 最高速率: 0.00 M/s, 平均速率: 0.00 M/s, 最高分辨率: None, 平均帧率: 未知, 视频编解码器: 未知, 音频编解码器: 未知
分类: 🔀平台轮播, 名称: 星爷, 有效: 0, IPv4: 1, IPv6: 0, 最小延迟: -1 ms, 最高速率: 0.00 M/s, 平均速率: 0.00 M/s, 最高分辨率: None, 平均帧率: 未知, 视频编解码器: 未知, 音频编解码器: 未知
分类: 🔀平台轮播, 名称: 电影_黄渤, 有效: 0, IPv4: 1, IPv6: 0, 最小延迟: -1 ms, 最高速率: 0.00 M/s, 平均速率: 0.00 M/s, 最高分辨率: None, 平均帧率: 未知, 视频编解码器: 未知, 音频编解码器: 未知
分类: 🔀平台轮播, 名称: 电影_周星星, 有效: 0, IPv4: 1, IPv6: 0, 最小延迟: -1 ms, 最高速率: 0.00 M/s, 平均速率: 0.00 M/s, 最高分辨率: None, 平均帧率: 未知, 视频编解码器: 未知, 音频编解码器: 未知
分类: 🔀平台轮播, 名称: 电影_成龙, 有效: 0, IPv4: 2, IPv6: 0, 最小延迟: -1 ms, 最高速率: 0.00 M/s, 平均速率: 0.00 M/s, 最高分辨率: None, 平均帧率: 未知, 视频编解码器: 未知, 音频编解码器: 未知
分类: 🔀平台轮播, 名称: 电影_洪金宝, 有效: 0, IPv4: 1, IPv6: 0, 最小延迟: -1 ms, 最高速率: 0.00 M/s, 平均速率: 0.00 M/s, 最高分辨率: None, 平均帧率: 未知, 视频编解码器: 未知, 音频编解码器: 未知
分类: 🔀平台轮播, 名称: 电影_星爷, 有效: 0, IPv4: 2, IPv6: 0, 最小延迟: -1 ms, 最高速率: 0.00 M/s, 平均速率: 0.00 M/s, 最高分辨率: None, 平均帧率: 未知, 视频编解码器: 未知, 音频编解码器: 未知
分类: 🎽咪视界直播, 名称: 至臻视界4K, 有效: 0, IPv4: 3, IPv6: 0, 最小延迟: 1047 ms, 最高速率: 0.21 M/s, 平均速率: 0.00 M/s, 最高分辨率: 3840x2160, 平均帧率: 50.00, 视频编解码器: hevc, 音频编解码器: aac
分类: 🔀平台轮播, 名称: 电影_强森, 有效: 0, IPv4: 1, IPv6: 0, 最小延迟: -1 ms, 最高速率: 0.00 M/s, 平均速率: 0.00 M/s, 最高分辨率: None, 平均帧率: 未知, 视频编解码器: 未知, 音频编解码器: 未知
分类: 🔀平台轮播, 名称: 电影_沈腾, 有效: 0, IPv4: 1, IPv6: 0, 最小延迟: -1 ms, 最高速率: 0.00 M/s, 平均速率: 0.00 M/s, 最高分辨率: None, 平均帧率: 未知, 视频编解码器: 未知, 音频编解码器: 未知
分类: 🔀平台轮播, 名称: 电影_李连杰, 有效: 0, IPv4: 1, IPv6: 0, 最小延迟: -1 ms, 最高速率: 0.00 M/s, 平均速率: 0.00 M/s, 最高分辨率: None, 平均帧率: 未知, 视频编解码器: 未知, 音频编解码器: 未知
分类: 🔀平台轮播, 名称: 电影_梁家辉, 有效: 0, IPv4: 1, IPv6: 0, 最小延迟: -1 ms, 最高速率: 0.00 M/s, 平均速率: 0.00 M/s, 最高分辨率: None, 平均帧率: 未知, 视频编解码器: 未知, 音频编解码器: 未知
分类: 🔀平台轮播, 名称: 战争片【虎牙】, 有效: 0, IPv4: 1, IPv6: 0, 最小延迟: -1 ms, 最高速率: 0.00 M/s, 平均速率: 0.00 M/s, 最高分辨率: None, 平均帧率: 未知, 视频编解码器: 未知, 音频编解码器: 未知
分类: 🔀平台轮播, 名称: 电影_刘德华, 有效: 0, IPv4: 2, IPv6: 0, 最小延迟: -1 ms, 最高速率: 0.00 M/s, 平均速率: 0.00 M/s, 最高分辨率: None, 平均帧率: 未知, 视频编解码器: 未知, 音频编解码器: 未知
分类: 🥬主题片, 名称: 科幻电影, 有效: 0, IPv4: 1, IPv6: 0, 最小延迟: -1 ms, 最高速率: 0.00 M/s, 平均速率: 0.00 M/s, 最高分辨率: None, 平均帧率: 未知, 视频编解码器: 未知, 音频编解码器: 未知
分类: 🎽咪视界直播, 名称: 咪视界4K, 有效: 0, IPv4: 2, IPv6: 0, 最小延迟: 1068 ms, 最高速率: 0.20 M/s, 平均速率: 0.00 M/s, 最高分辨率: 3840x2160, 平均帧率: 50.00, 视频编解码器: hevc, 音频编解码器: aac
分类: 🥬主题片, 名称: 电影_功夫片, 有效: 0, IPv4: 1, IPv6: 0, 最小延迟: -1 ms, 最高速率: 0.00 M/s, 平均速率: 0.00 M/s, 最高分辨率: None, 平均帧率: 未知, 视频编解码器: 未知, 音频编解码器: 未知
分类: 🥬主题片, 名称: 电影_古墓系列, 有效: 0, IPv4: 1, IPv6: 0, 最小延迟: -1 ms, 最高速率: 0.00 M/s, 平均速率: 0.00 M/s, 最高分辨率: None, 平均帧率: 未知, 视频编解码器: 未知, 音频编解码器: 未知
分类: 🥬主题片, 名称: 电影_盗墓, 有效: 0, IPv4: 1, IPv6: 0, 最小延迟: -1 ms, 最高速率: 0.00 M/s, 平均速率: 0.00 M/s, 最高分辨率: None, 平均帧率: 未知, 视频编解码器: 未知, 音频编解码器: 未知
分类: 🥬主题片, 名称: 电影_玄幻, 有效: 0, IPv4: 1, IPv6: 0, 最小延迟: -1 ms, 最高速率: 0.00 M/s, 平均速率: 0.00 M/s, 最高分辨率: None, 平均帧率: 未知, 视频编解码器: 未知, 音频编解码器: 未知
分类: 🥬主题片, 名称: 电影_犯罪片, 有效: 0, IPv4: 1, IPv6: 0, 最小延迟: -1 ms, 最高速率: 0.00 M/s, 平均速率: 0.00 M/s, 最高分辨率: None, 平均帧率: 未知, 视频编解码器: 未知, 音频编解码器: 未知
分类: 🥬主题片, 名称: 电影_喜乐影院, 有效: 0, IPv4: 1, IPv6: 0, 最小延迟: -1 ms, 最高速率: 0.00 M/s, 平均速率: 0.00 M/s, 最高分辨率: None, 平均帧率: 未知, 视频编解码器: 未知, 音频编解码器: 未知
分类: 🥬主题片, 名称: 电影_喜剧专场, 有效: 0, IPv4: 1, IPv6: 0, 最小延迟: -1 ms, 最高速率: 0.00 M/s, 平均速率: 0.00 M/s, 最高分辨率: None, 平均帧率: 未知, 视频编解码器: 未知, 音频编解码器: 未知
分类: 🥬主题片, 名称: 电影_不挤影院, 有效: 0, IPv4: 1, IPv6: 0, 最小延迟: -1 ms, 最高速率: 0.00 M/s, 平均速率: 0.00 M/s, 最高分辨率: None, 平均帧率: 未知, 视频编解码器: 未知, 音频编解码器: 未知
分类: 🔢SITV, 名称: 新视觉, 有效: 0, IPv4: 5, IPv6: 0, 最小延迟: 10503 ms, 最高速率: 0.00 M/s, 平均速率: 0.00 M/s, 最高分辨率: None, 平均帧率: 未知, 视频编解码器: 未知, 音频编解码器: 未知
分类: 🥬主题片, 名称: 电影_武侠, 有效: 0, IPv4: 1, IPv6: 0, 最小延迟: -1 ms, 最高速率: 0.00 M/s, 平均速率: 0.00 M/s, 最高分辨率: None, 平均帧率: 未知, 视频编解码器: 未知, 音频编解码器: 未知
分类: 🥬主题片, 名称: 电影_动作电影, 有效: 0, IPv4: 1, IPv6: 0, 最小延迟: -1 ms, 最高速率: 0.00 M/s, 平均速率: 0.00 M/s, 最高分辨率: None, 平均帧率: 未知, 视频编解码器: 未知, 音频编解码器: 未知
分类: 🥬主题片, 名称: 电影_黑帮片, 有效: 0, IPv4: 1, IPv6: 0, 最小延迟: -1 ms, 最高速率: 0.00 M/s, 平均速率: 0.00 M/s, 最高分辨率: None, 平均帧率: 未知, 视频编解码器: 未知, 音频编解码器: 未知
分类: 🥬主题片, 名称: 电影_丧尸片, 有效: 0, IPv4: 1, IPv6: 0, 最小延迟: -1 ms, 最高速率: 0.00 M/s, 平均速率: 0.00 M/s, 最高分辨率: None, 平均帧率: 未知, 视频编解码器: 未知, 音频编解码器: 未知
分类: 🥬主题片, 名称: 电影_搞笑喜剧, 有效: 0, IPv4: 1, IPv6: 0, 最小延迟: -1 ms, 最高速率: 0.00 M/s, 平均速率: 0.00 M/s, 最高分辨率: None, 平均帧率: 未知, 视频编解码器: 未知, 音频编解码器: 未知
分类: 🥬主题片, 名称: 电影_战争片, 有效: 0, IPv4: 1, IPv6: 0, 最小延迟: -1 ms, 最高速率: 0.00 M/s, 平均速率: 0.00 M/s, 最高分辨率: None, 平均帧率: 未知, 视频编解码器: 未知, 音频编解码器: 未知
分类: 🥬主题片, 名称: 电影_搞笑恐怖, 有效: 0, IPv4: 1, IPv6: 0, 最小延迟: -1 ms, 最高速率: 0.00 M/s, 平均速率: 0.00 M/s, 最高分辨率: None, 平均帧率: 未知, 视频编解码器: 未知, 音频编解码器: 未知
分类: 🥬主题片, 名称: 电影_枪战, 有效: 0, IPv4: 1, IPv6: 0, 最小延迟: -1 ms, 最高速率: 0.00 M/s, 平均速率: 0.00 M/s, 最高分辨率: None, 平均帧率: 未知, 视频编解码器: 未知, 音频编解码器: 未知
分类: 🥬主题片, 名称: 电影_许氏三杰, 有效: 0, IPv4: 1, IPv6: 0, 最小延迟: -1 ms, 最高速率: 0.00 M/s, 平均速率: 0.00 M/s, 最高分辨率: None, 平均帧率: 未知, 视频编解码器: 未知, 音频编解码器: 未知
分类: 🥬主题片, 名称: 电影_谍战, 有效: 0, IPv4: 1, IPv6: 0, 最小延迟: -1 ms, 最高速率: 0.00 M/s, 平均速率: 0.00 M/s, 最高分辨率: None, 平均帧率: 未知, 视频编解码器: 未知, 音频编解码器: 未知
分类: 🥬主题片, 名称: 电影_谍战片, 有效: 0, IPv4: 1, IPv6: 0, 最小延迟: -1 ms, 最高速率: 0.00 M/s, 平均速率: 0.00 M/s, 最高分辨率: None, 平均帧率: 未知, 视频编解码器: 未知, 音频编解码器: 未知
分类: 🥬主题片, 名称: 电影_贺岁, 有效: 0, IPv4: 1, IPv6: 0, 最小延迟: -1 ms, 最高速率: 0.00 M/s, 平均速率: 0.00 M/s, 最高分辨率: None, 平均帧率: 未知, 视频编解码器: 未知, 音频编解码器: 未知
分类: 🥬主题片, 名称: 电影_贺岁片, 有效: 0, IPv4: 1, IPv6: 0, 最小延迟: -1 ms, 最高速率: 0.00 M/s, 平均速率: 0.00 M/s, 最高分辨率: None, 平均帧率: 未知, 视频编解码器: 未知, 音频编解码器: 未知
分类: 🥬主题片, 名称: 电影_怪兽, 有效: 0, IPv4: 6, IPv6: 0, 最小延迟: 4978 ms, 最高速率: 0.18 M/s, 平均速率: 0.00 M/s, 最高分辨率: 1920x1040, 平均帧率: 24.00, 视频编解码器: h264, 音频编解码器: aac
分类: 🔢IHOT, 名称: 风尚音乐, 有效: 0, IPv4: 1, IPv6: 0, 最小延迟: 10021 ms, 最高速率: 0.00 M/s, 平均速率: 0.00 M/s, 最高分辨率: None, 平均帧率: 未知, 视频编解码器: 未知, 音频编解码器: 未知
